Archive member included because of file (symbol)

c:/devkitpro/libogc/lib/wii\libwiiuse.a(wpad.o)
                              sockettest.o (WPAD_Init)
c:/devkitpro/libogc/lib/wii\libwiiuse.a(motion_plus.o)
                              c:/devkitpro/libogc/lib/wii\libwiiuse.a(wpad.o) (wiiuse_set_motion_plus)
c:/devkitpro/libogc/lib/wii\libwiiuse.a(dynamics.o)
                              c:/devkitpro/libogc/lib/wii\libwiiuse.a(wpad.o) (calculate_gforce)
c:/devkitpro/libogc/lib/wii\libwiiuse.a(io.o)
                              c:/devkitpro/libogc/lib/wii\libwiiuse.a(motion_plus.o) (wiiuse_disable_expansion)
c:/devkitpro/libogc/lib/wii\libwiiuse.a(io_wii.o)
                              c:/devkitpro/libogc/lib/wii\libwiiuse.a(wpad.o) (__wiiuse_sensorbar_enable)
c:/devkitpro/libogc/lib/wii\libwiiuse.a(ir.o)
                              c:/devkitpro/libogc/lib/wii\libwiiuse.a(motion_plus.o) (wiiuse_set_ir_mode)
c:/devkitpro/libogc/lib/wii\libwiiuse.a(nunchuk.o)
                              c:/devkitpro/libogc/lib/wii\libwiiuse.a(io.o) (nunchuk_handshake)
c:/devkitpro/libogc/lib/wii\libwiiuse.a(wiiboard.o)
                              c:/devkitpro/libogc/lib/wii\libwiiuse.a(io.o) (wii_board_handshake)
c:/devkitpro/libogc/lib/wii\libwiiuse.a(wiiuse.o)
                              c:/devkitpro/libogc/lib/wii\libwiiuse.a(wpad.o) (wiiuse_init)
c:/devkitpro/libogc/lib/wii\libwiiuse.a(speaker.o)
                              c:/devkitpro/libogc/lib/wii\libwiiuse.a(wpad.o) (wencdata)
c:/devkitpro/libogc/lib/wii\libwiiuse.a(classic.o)
                              c:/devkitpro/libogc/lib/wii\libwiiuse.a(io.o) (classic_ctrl_handshake)
c:/devkitpro/libogc/lib/wii\libwiiuse.a(events.o)
                              c:/devkitpro/libogc/lib/wii\libwiiuse.a(io_wii.o) (parse_event)
c:/devkitpro/libogc/lib/wii\libwiiuse.a(guitar_hero_3.o)
                              c:/devkitpro/libogc/lib/wii\libwiiuse.a(io.o) (guitar_hero_3_handshake)
c:/devkitpro/libogc/lib/wii\libbte.a(bte.o)
                              c:/devkitpro/libogc/lib/wii\libwiiuse.a(wpad.o) (BTE_Init)
c:/devkitpro/libogc/lib/wii\libbte.a(hci.o)
                              c:/devkitpro/libogc/lib/wii\libbte.a(bte.o) (hci_init)
c:/devkitpro/libogc/lib/wii\libbte.a(l2cap.o)
                              c:/devkitpro/libogc/lib/wii\libbte.a(bte.o) (l2cap_init)
c:/devkitpro/libogc/lib/wii\libbte.a(btmemb.o)
                              c:/devkitpro/libogc/lib/wii\libbte.a(bte.o) (btmemb_init)
c:/devkitpro/libogc/lib/wii\libbte.a(btmemr.o)
                              c:/devkitpro/libogc/lib/wii\libbte.a(hci.o) (btmemr_init)
c:/devkitpro/libogc/lib/wii\libbte.a(btpbuf.o)
                              c:/devkitpro/libogc/lib/wii\libbte.a(hci.o) (btpbuf_init)
c:/devkitpro/libogc/lib/wii\libbte.a(physbusif.o)
                              c:/devkitpro/libogc/lib/wii\libbte.a(bte.o) (physbusif_init)
c:/devkitpro/libogc/lib/wii\libogc.a(console.o)
                              sockettest.o (CON_Init)
c:/devkitpro/libogc/lib/wii\libogc.a(lwp_queue.o)
                              c:/devkitpro/libogc/lib/wii\libwiiuse.a(io_wii.o) (__lwp_queue_initialize)
c:/devkitpro/libogc/lib/wii\libogc.a(lwp_threads.o)
                              c:/devkitpro/libogc/lib/wii\libwiiuse.a(wpad.o) (_thread_dispatch_disable_level)
c:/devkitpro/libogc/lib/wii\libogc.a(lwp.o)
                              sockettest.o (LWP_CreateThread)
c:/devkitpro/libogc/lib/wii\libogc.a(lwp_handler.o)
                              c:/devkitpro/libogc/lib/wii\libogc.a(lwp_threads.o) (_cpu_context_save_fp)
c:/devkitpro/libogc/lib/wii\libogc.a(lwp_stack.o)
                              c:/devkitpro/libogc/lib/wii\libogc.a(lwp_threads.o) (__lwp_stack_allocate)
c:/devkitpro/libogc/lib/wii\libogc.a(lwp_watchdog.o)
                              c:/devkitpro/libogc/lib/wii\libogc.a(lwp_threads.o) (_wd_ticks_queue)
c:/devkitpro/libogc/lib/wii\libogc.a(lwp_wkspace.o)
                              c:/devkitpro/libogc/lib/wii\libwiiuse.a(io.o) (__wkspace_heap)
c:/devkitpro/libogc/lib/wii\libogc.a(lwp_objmgr.o)
                              c:/devkitpro/libogc/lib/wii\libogc.a(lwp.o) (__lwp_objmgr_initinfo)
c:/devkitpro/libogc/lib/wii\libogc.a(lwp_heap.o)
                              c:/devkitpro/libogc/lib/wii\libogc.a(lwp_wkspace.o) (__lwp_heap_init)
c:/devkitpro/libogc/lib/wii\libogc.a(sys_state.o)
                              c:/devkitpro/libogc/lib/wii\libogc.a(lwp_threads.o) (_sys_state_curr)
c:/devkitpro/libogc/lib/wii\libogc.a(irq.o)
                              c:/devkitpro/libogc/lib/wii\libwiiuse.a(io_wii.o) (IRQ_Disable)
c:/devkitpro/libogc/lib/wii\libogc.a(video.o)
                              c:/devkitpro/libogc/lib/wii\libogc.a(console.o) (VIDEO_GetCurrentFramebuffer)
c:/devkitpro/libogc/lib/wii\libogc.a(pad.o)
                              sockettest.o (PAD_Init)
c:/devkitpro/libogc/lib/wii\libogc.a(system.o)
[...]
Memory Configuration

Name             Origin             Length             Attributes
*default*        0x00000000         0xffffffff

Linker script and memory map

                0x00003400                . = 0x3400

.stub
 *(.stub)
                0x80004000                . = 0x80004000

.init           0x80004000      0x194
 *crt0.o(*.init)
 .init          0x80004000      0x170 c:/devkitpro/libogc/lib/wii\libogc.a(ogc_crt0.o)
                0x80004000                _start
                0x80004140                _memset
 *(.init)
 .init          0x80004170        0xc c:/devkitpro/devkitppc/bin/../lib/gcc/powerpc-eabi/4.8.2/ecrti.o
                0x80004170                __init
 .init          0x8000417c        0x4 c:/devkitpro/devkitppc/bin/../lib/gcc/powerpc-eabi/4.8.2/crtbegin.o
 .init          0x80004180        0x4 c:/devkitpro/devkitppc/bin/../lib/gcc/powerpc-eabi/4.8.2/crtend.o
 .init          0x80004184       0x10 c:/devkitpro/devkitppc/bin/../lib/gcc/powerpc-eabi/4.8.2/ecrtn.o

.rela.dyn       0x80004194        0x0
 .rela.iplt     0x00000000        0x0 c:/devkitpro/devkitppc/bin/../lib/gcc/powerpc-eabi/4.8.2/crtbegin.o

.plt
 *(.plt)

.interp
 *(.interp)

.hash
 *(.hash)

.dynsym
 *(.dynsym)

.dynstr
 *(.dynstr)

.gnu.version
 *(.gnu.version)

.gnu.version_d
 *(.gnu.version_d)

.gnu.version_r
 *(.gnu.version_r)

.rel.init
 *(.rel.init)

.rela.init      0x80004194        0x0
 *(.rela.init)
 .rela.init     0x00000000        0x0 c:/devkitpro/devkitppc/bin/../lib/gcc/powerpc-eabi/4.8.2/crtbegin.o

.rel.text
 *(.rel.text .rel.text.* .rel.gnu.linkonce.t.*)

.rela.text      0x80004194        0x0
 *(.rela.text .rela.text.* .rela.gnu.linkonce.t.*)
 .rela.text     0x00000000        0x0 c:/devkitpro/devkitppc/bin/../lib/gcc/powerpc-eabi/4.8.2/crtbegin.o
 .rela.text.poll
                0x00000000        0x0 c:/devkitpro/devkitppc/bin/../lib/gcc/powerpc-eabi/4.8.2/crtbegin.o
 .rela.text.httpd
                0x00000000        0x0 c:/devkitpro/devkitppc/bin/../lib/gcc/powerpc-eabi/4.8.2/crtbegin.o
 .rela.text.wiiuse_handshake
                0x00000000        0x0 c:/devkitpro/devkitppc/bin/../lib/gcc/powerpc-eabi/4.8.2/crtbegin.o
 .rela.text.wiiuse_handshake_expansion
                0x00000000        0x0 c:/devkitpro/devkitppc/bin/../lib/gcc/powerpc-eabi/4.8.2/crtbegin.o
 .rela.text.wiiuse_init_cmd_queue
                0x00000000        0x0 c:/devkitpro/devkitppc/bin/../lib/gcc/powerpc-eabi/4.8.2/crtbegin.o
 .rela.text.wiiuse_init
                0x00000000        0x0 c:/devkitpro/devkitppc/bin/../lib/gcc/powerpc-eabi/4.8.2/crtbegin.o
 .rela.text.bt_alarmhandler
                0x00000000        0x0 c:/devkitpro/devkitppc/bin/../lib/gcc/powerpc-eabi/4.8.2/crtbegin.o
 .rela.text.__console_init
                0x00000000        0x0 c:/devkitpro/devkitppc/bin/../lib/gcc/powerpc-eabi/4.8.2/crtbegin.o
 .rela.text.__console_init_ex
                0x00000000        0x0 c:/devkitpro/devkitppc/bin/../lib/gcc/powerpc-eabi/4.8.2/crtbegin.o
 .rela.text.CON_EnableGecko
                0x00000000        0x0 c:/devkitpro/devkitppc/bin/../lib/gcc/powerpc-eabi/4.8.2/crtbegin.o
 .rela.text.__lwp_thread_calcheir
                0x00000000        0x0 c:/devkitpro/devkitppc/bin/../lib/gcc/powerpc-eabi/4.8.2/crtbegin.o
 .rela.text.__lwp_wd_insert_ticks.constprop.4
                0x00000000        0x0 c:/devkitpro/devkitppc/bin/../lib/gcc/powerpc-eabi/4.8.2/crtbegin.o
 .rela.text.__lwp_rotate_readyqueue
                0x00000000        0x0 c:/devkitpro/devkitppc/bin/../lib/gcc/powerpc-eabi/4.8.2/crtbegin.o
 .rela.text.__lwp_thread_setpriority
                0x00000000        0x0 c:/devkitpro/devkitppc/bin/../lib/gcc/powerpc-eabi/4.8.2/crtbegin.o
 .rela.text.__lwp_thread_close
                0x00000000        0x0 c:/devkitpro/devkitppc/bin/../lib/gcc/powerpc-eabi/4.8.2/crtbegin.o
 .rela.text.__lwp_thread_closeall
                0x00000000        0x0 c:/devkitpro/devkitppc/bin/../lib/gcc/powerpc-eabi/4.8.2/crtbegin.o
 .rela.text.__lwp_thread_startmultitasking
                0x00000000        0x0 c:/devkitpro/devkitppc/bin/../lib/gcc/powerpc-eabi/4.8.2/crtbegin.o
 .rela.text.__lwp_thread_stopmultitasking
                0x00000000        0x0 c:/devkitpro/devkitppc/bin/../lib/gcc/powerpc-eabi/4.8.2/crtbegin.o
 .rela.text.__lwp_thread_coreinit
                0x00000000        0x0 c:/devkitpro/devkitppc/bin/../lib/gcc/powerpc-eabi/4.8.2/crtbegin.o
 .rela.text.__lwp_cntrl_open
                0x00000000        0x0 c:/devkitpro/devkitppc/bin/../lib/gcc/powerpc-eabi/4.8.2/crtbegin.o
 .rela.text.__lwp_tqueue_open
                0x00000000        0x0 c:/devkitpro/devkitppc/bin/../lib/gcc/powerpc-eabi/4.8.2/crtbegin.o
 .rela.text.__lwp_cntrl_free
                0x00000000        0x0 c:/devkitpro/devkitppc/bin/../lib/gcc/powerpc-eabi/4.8.2/crtbegin.o
 .rela.text.__lwp_sysinit
                0x00000000        0x0 c:/devkitpro/devkitppc/bin/../lib/gcc/powerpc-eabi/4.8.2/crtbegin.o
 .rela.text.__lwp_thread_isalive
                0x00000000        0x0 c:/devkitpro/devkitppc/bin/../lib/gcc/powerpc-eabi/4.8.2/crtbegin.o
 .rela.text.__lwp_thread_exists
                0x00000000        0x0 c:/devkitpro/devkitppc/bin/../lib/gcc/powerpc-eabi/4.8.2/crtbegin.o
 .rela.text.__lwp_thread_context
                0x00000000        0x0 c:/devkitpro/devkitppc/bin/../lib/gcc/powerpc-eabi/4.8.2/crtbegin.o
 .rela.text.LWP_CreateThread
                0x00000000        0x0 c:/devkitpro/devkitppc/bin/../lib/gcc/powerpc-eabi/4.8.2/crtbegin.o
 .rela.text.LWP_InitQueue
                0x00000000        0x0 c:/devkitpro/devkitppc/bin/../lib/gcc/powerpc-eabi/4.8.2/crtbegin.o
 .rela.text.LWP_CloseQueue
                0x00000000        0x0 c:/devkitpro/devkitppc/bin/../lib/gcc/powerpc-eabi/4.8.2/crtbegin.o
 .rela.text.__lwp_stack_allocate
                0x00000000        0x0 c:/devkitpro/devkitppc/bin/../lib/gcc/powerpc-eabi/4.8.2/crtbegin.o
 .rela.text.__lwp_stack_free
                0x00000000        0x0 c:/devkitpro/devkitppc/bin/../lib/gcc/powerpc-eabi/4.8.2/crtbegin.o
 .rela.text.__lwp_watchdog_init
                0x00000000        0x0 c:/devkitpro/devkitppc/bin/../lib/gcc/powerpc-eabi/4.8.2/crtbegin.o
 .rela.text.__lwp_wd_tickle
                0x00000000        0x0 c:/devkitpro/devkitppc/bin/../lib/gcc/powerpc-eabi/4.8.2/crtbegin.o
 .rela.text.__lwp_wkspace_heapfree
                0x00000000        0x0 c:/devkitpro/devkitppc/bin/../lib/gcc/powerpc-eabi/4.8.2/crtbegin.o
 .rela.text.__lwp_wkspace_heapused
                0x00000000        0x0 c:/devkitpro/devkitppc/bin/../lib/gcc/powerpc-eabi/4.8.2/crtbegin.o
 .rela.text.__lwp_wkspace_init
                0x00000000        0x0 c:/devkitpro/devkitppc/bin/../lib/gcc/powerpc-eabi/4.8.2/crtbegin.o
 .rela.text.__lwp_objmgr_initinfo
                0x00000000        0x0 c:/devkitpro/devkitppc/bin/../lib/gcc/powerpc-eabi/4.8.2/crtbegin.o
 .rela.text.__irq_init
                0x00000000        0x0 c:/devkitpro/devkitppc/bin/../lib/gcc/powerpc-eabi/4.8.2/crtbegin.o
 .rela.text.__call_resetfuncs
                0x00000000        0x0 c:/devkitpro/devkitppc/bin/../lib/gcc/powerpc-eabi/4.8.2/crtbegin.o
 .rela.text.__locksram
                0x00000000        0x0 c:/devkitpro/devkitppc/bin/../lib/gcc/powerpc-eabi/4.8.2/crtbegin.o
 .rela.text.__lwp_wd_insert_ticks
                0x00000000        0x0 c:/devkitpro/devkitppc/bin/../lib/gcc/powerpc-eabi/4.8.2/crtbegin.o
 .rela.text.__sram_writecallback
                0x00000000        0x0 c:/devkitpro/devkitppc/bin/../lib/gcc/powerpc-eabi/4.8.2/crtbegin.o
 .rela.text.__unlocksram
                0x00000000        0x0 c:/devkitpro/devkitppc/bin/../lib/gcc/powerpc-eabi/4.8.2/crtbegin.o
 .rela.text.__sram_init
                0x00000000        0x0 c:/devkitpro/devkitppc/bin/../lib/gcc/powerpc-eabi/4.8.2/crtbegin.o
 .rela.text.__SYS_SyncSram
                0x00000000        0x0 c:/devkitpro/devkitppc/bin/../lib/gcc/powerpc-eabi/4.8.2/crtbegin.o
 .rela.text.SYS_Init
                0x00000000        0x0 c:/devkitpro/devkitppc/bin/../lib/gcc/powerpc-eabi/4.8.2/crtbegin.o
 .rela.text.SYS_RemoveAlarm
                0x00000000        0x0 c:/devkitpro/devkitppc/bin/../lib/gcc/powerpc-eabi/4.8.2/crtbegin.o
 .rela.text.SYS_CancelAlarm
                0x00000000        0x0 c:/devkitpro/devkitppc/bin/../lib/gcc/powerpc-eabi/4.8.2/crtbegin.o
 .rela.text.__lwp_cond_open
                0x00000000        0x0 c:/devkitpro/devkitppc/bin/../lib/gcc/powerpc-eabi/4.8.2/crtbegin.o
 .rela.text.__lwp_cond_init
                0x00000000        0x0 c:/devkitpro/devkitppc/bin/../lib/gcc/powerpc-eabi/4.8.2/crtbegin.o
 .rela.text.LWP_CondInit
                0x00000000        0x0 c:/devkitpro/devkitppc/bin/../lib/gcc/powerpc-eabi/4.8.2/crtbegin.o
 .rela.text.LWP_CondDestroy
                0x00000000        0x0 c:/devkitpro/devkitppc/bin/../lib/gcc/powerpc-eabi/4.8.2/crtbegin.o
 .rela.text.c_decrementer_handler
                0x00000000        0x0 c:/devkitpro/devkitppc/bin/../lib/gcc/powerpc-eabi/4.8.2/crtbegin.o
 .rela.text.__lwp_mqbox_open
                0x00000000        0x0 c:/devkitpro/devkitppc/bin/../lib/gcc/powerpc-eabi/4.8.2/crtbegin.o
 .rela.text.__lwp_mqbox_init
                0x00000000        0x0 c:/devkitpro/devkitppc/bin/../lib/gcc/powerpc-eabi/4.8.2/crtbegin.o
 .rela.text.MQ_Init
                0x00000000        0x0 c:/devkitpro/devkitppc/bin/../lib/gcc/powerpc-eabi/4.8.2/crtbegin.o
 .rela.text.MQ_Close
                0x00000000        0x0 c:/devkitpro/devkitppc/bin/../lib/gcc/powerpc-eabi/4.8.2/crtbegin.o
 .rela.text.__lwp_wkspace_free
                0x00000000        0x0 c:/devkitpro/devkitppc/bin/../lib/gcc/powerpc-eabi/4.8.2/crtbegin.o
 .rela.text.__ios_ioctlvformat_parse
                0x00000000        0x0 c:/devkitpro/devkitppc/bin/../lib/gcc/powerpc-eabi/4.8.2/crtbegin.o
 .rela.text.IOS_IoctlvFormat
                0x00000000        0x0 c:/devkitpro/devkitppc/bin/../lib/gcc/powerpc-eabi/4.8.2/crtbegin.o
 .rela.text.IOS_IoctlvFormatAsync
                0x00000000        0x0 c:/devkitpro/devkitppc/bin/../lib/gcc/powerpc-eabi/4.8.2/crtbegin.o
 .rela.text.nanosleep
                0x00000000        0x0 c:/devkitpro/devkitppc/bin/../lib/gcc/powerpc-eabi/4.8.2/crtbegin.o
 .rela.text.__libc_delete_hook
                0x00000000        0x0 c:/devkitpro/devkitppc/bin/../lib/gcc/powerpc-eabi/4.8.2/crtbegin.o
 .rela.text.__libc_init
                0x00000000        0x0 c:/devkitpro/devkitppc/bin/../lib/gcc/powerpc-eabi/4.8.2/crtbegin.o
 .rela.text.__libc_wrapup
                0x00000000        0x0 c:/devkitpro/devkitppc/bin/../lib/gcc/powerpc-eabi/4.8.2/crtbegin.o
 .rela.text.__CheckARGV
                0x00000000        0x0 c:/devkitpro/devkitppc/bin/../lib/gcc/powerpc-eabi/4.8.2/crtbegin.o
 .rela.text.__lwp_priority_init
                0x00000000        0x0 c:/devkitpro/devkitppc/bin/../lib/gcc/powerpc-eabi/4.8.2/crtbegin.o
 .rela.text.__lwp_threadqueue_enqueuefifo
                0x00000000        0x0 c:/devkitpro/devkitppc/bin/../lib/gcc/powerpc-eabi/4.8.2/crtbegin.o
 .rela.text.__lwp_threadqueue_dequeuefifo
                0x00000000        0x0 c:/devkitpro/devkitppc/bin/../lib/gcc/powerpc-eabi/4.8.2/crtbegin.o
 .rela.text.__lwp_threadqueue_enqueuepriority
                0x00000000        0x0 c:/devkitpro/devkitppc/bin/../lib/gcc/powerpc-eabi/4.8.2/crtbegin.o
 .rela.text.__lwp_threadqueue_dequeuepriority
                0x00000000        0x0 c:/devkitpro/devkitppc/bin/../lib/gcc/powerpc-eabi/4.8.2/crtbegin.o
 .rela.text.__lwp_threadqueue_enqueue
                0x00000000        0x0 c:/devkitpro/devkitppc/bin/../lib/gcc/powerpc-eabi/4.8.2/crtbegin.o
 .rela.text.__lwp_threadqueue_extractfifo
                0x00000000        0x0 c:/devkitpro/devkitppc/bin/../lib/gcc/powerpc-eabi/4.8.2/crtbegin.o
 .rela.text.__lwp_threadqueue_extractpriority
                0x00000000        0x0 c:/devkitpro/devkitppc/bin/../lib/gcc/powerpc-eabi/4.8.2/crtbegin.o
 .rela.text.__lwpmq_initialize
                0x00000000        0x0 c:/devkitpro/devkitppc/bin/../lib/gcc/powerpc-eabi/4.8.2/crtbegin.o
 .rela.text.__lwpmq_close
                0x00000000        0x0 c:/devkitpro/devkitppc/bin/../lib/gcc/powerpc-eabi/4.8.2/crtbegin.o
 .rela.text.__systemcall_init
                0x00000000        0x0 c:/devkitpro/devkitppc/bin/../lib/gcc/powerpc-eabi/4.8.2/crtbegin.o
 .rela.text.__exception_init
                0x00000000        0x0 c:/devkitpro/devkitppc/bin/../lib/gcc/powerpc-eabi/4.8.2/crtbegin.o
 .rela.text.__exception_close
                0x00000000        0x0 c:/devkitpro/devkitppc/bin/../lib/gcc/powerpc-eabi/4.8.2/crtbegin.o
 .rela.text.__exception_sethandler
                0x00000000        0x0 c:/devkitpro/devkitppc/bin/../lib/gcc/powerpc-eabi/4.8.2/crtbegin.o
 .rela.text.__lwp_sema_open
                0x00000000        0x0 c:/devkitpro/devkitppc/bin/../lib/gcc/powerpc-eabi/4.8.2/crtbegin.o
 .rela.text.__lwp_sema_init
                0x00000000        0x0 c:/devkitpro/devkitppc/bin/../lib/gcc/powerpc-eabi/4.8.2/crtbegin.o
 .rela.text.LWP_SemInit
                0x00000000        0x0 c:/devkitpro/devkitppc/bin/../lib/gcc/powerpc-eabi/4.8.2/crtbegin.o
 .rela.text.LWP_SemDestroy
                0x00000000        0x0 c:/devkitpro/devkitppc/bin/../lib/gcc/powerpc-eabi/4.8.2/crtbegin.o
 .rela.text.__lwp_mutex_locksupp.constprop.7
                0x00000000        0x0 c:/devkitpro/devkitppc/bin/../lib/gcc/powerpc-eabi/4.8.2/crtbegin.o
 .rela.text.__lwp_mutex_init
                0x00000000        0x0 c:/devkitpro/devkitppc/bin/../lib/gcc/powerpc-eabi/4.8.2/crtbegin.o
 .rela.text.LWP_MutexInit
                0x00000000        0x0 c:/devkitpro/devkitppc/bin/../lib/gcc/powerpc-eabi/4.8.2/crtbegin.o
 .rela.text.LWP_MutexDestroy
                0x00000000        0x0 c:/devkitpro/devkitppc/bin/../lib/gcc/powerpc-eabi/4.8.2/crtbegin.o
 .rela.text.LWP_MutexUnlock
                0x00000000        0x0 c:/devkitpro/devkitppc/bin/../lib/gcc/powerpc-eabi/4.8.2/crtbegin.o
 .rela.text.__GX_FifoLink
                0x00000000        0x0 c:/devkitpro/devkitppc/bin/../lib/gcc/powerpc-eabi/4.8.2/crtbegin.o
 .rela.text.__GX_WriteFifoIntEnable
                0x00000000        0x0 c:/devkitpro/devkitppc/bin/../lib/gcc/powerpc-eabi/4.8.2/crtbegin.o
 .rela.text.__GX_FifoReadEnable
                0x00000000        0x0 c:/devkitpro/devkitppc/bin/../lib/gcc/powerpc-eabi/4.8.2/crtbegin.o
 .rela.text.__GX_FifoReadDisable
                0x00000000        0x0 c:/devkitpro/devkitppc/bin/../lib/gcc/powerpc-eabi/4.8.2/crtbegin.o
 .rela.text.__GX_InitRevBits
                0x00000000        0x0 c:/devkitpro/devkitppc/bin/../lib/gcc/powerpc-eabi/4.8.2/crtbegin.o
 .rela.text.__GXDefTexRegionCallback
                0x00000000        0x0 c:/devkitpro/devkitppc/bin/../lib/gcc/powerpc-eabi/4.8.2/crtbegin.o
 .rela.text.__GXDefTlutRegionCallback
                0x00000000        0x0 c:/devkitpro/devkitppc/bin/../lib/gcc/powerpc-eabi/4.8.2/crtbegin.o
 .rela.text.__GX_FlushTextureState
                0x00000000        0x0 c:/devkitpro/devkitppc/bin/../lib/gcc/powerpc-eabi/4.8.2/crtbegin.o
 .rela.text.__SetSURegs
                0x00000000        0x0 c:/devkitpro/devkitppc/bin/../lib/gcc/powerpc-eabi/4.8.2/crtbegin.o
 .rela.text.__SETVCDFMT
                0x00000000        0x0 c:/devkitpro/devkitppc/bin/../lib/gcc/powerpc-eabi/4.8.2/crtbegin.o
 .rela.text.__GX_SetMatrixIndex.part.1
                0x00000000        0x0 c:/devkitpro/devkitppc/bin/../lib/gcc/powerpc-eabi/4.8.2/crtbegin.o
 .rela.text.__SETVCDATTR
                0x00000000        0x0 c:/devkitpro/devkitppc/bin/../lib/gcc/powerpc-eabi/4.8.2/crtbegin.o
 .rela.text.__GX_WriteFifoIntReset.constprop.11
                0x00000000        0x0 c:/devkitpro/devkitppc/bin/../lib/gcc/powerpc-eabi/4.8.2/crtbegin.o
 .rela.text.__GXCPInterruptHandler
                0x00000000        0x0 c:/devkitpro/devkitppc/bin/../lib/gcc/powerpc-eabi/4.8.2/crtbegin.o
 .rela.text.__GX_SetDirtyState
                0x00000000        0x0 c:/devkitpro/devkitppc/bin/../lib/gcc/powerpc-eabi/4.8.2/crtbegin.o
 .rela.text.GX_Flush
                0x00000000        0x0 c:/devkitpro/devkitppc/bin/../lib/gcc/powerpc-eabi/4.8.2/crtbegin.o
 .rela.text.GX_EnableBreakPt
                0x00000000        0x0 c:/devkitpro/devkitppc/bin/../lib/gcc/powerpc-eabi/4.8.2/crtbegin.o
 .rela.text.GX_DisableBreakPt
                0x00000000        0x0 c:/devkitpro/devkitppc/bin/../lib/gcc/powerpc-eabi/4.8.2/crtbegin.o
 .rela.text.GX_AbortFrame
                0x00000000        0x0 c:/devkitpro/devkitppc/bin/../lib/gcc/powerpc-eabi/4.8.2/crtbegin.o
 .rela.text.GX_PixModeSync
                0x00000000        0x0 c:/devkitpro/devkitppc/bin/../lib/gcc/powerpc-eabi/4.8.2/crtbegin.o
 .rela.text.GX_SetMisc
                0x00000000        0x0 c:/devkitpro/devkitppc/bin/../lib/gcc/powerpc-eabi/4.8.2/crtbegin.o
 .rela.text.GX_SetCopyClamp
                0x00000000        0x0 c:/devkitpro/devkitppc/bin/../lib/gcc/powerpc-eabi/4.8.2/crtbegin.o
 .rela.text.GX_SetDispCopyGamma
                0x00000000        0x0 c:/devkitpro/devkitppc/bin/../lib/gcc/powerpc-eabi/4.8.2/crtbegin.o
 .rela.text.GX_SetDispCopyFrame2Field
                0x00000000        0x0 c:/devkitpro/devkitppc/bin/../lib/gcc/powerpc-eabi/4.8.2/crtbegin.o
 .rela.text.GX_SetDispCopyYScale
                0x00000000        0x0 c:/devkitpro/devkitppc/bin/../lib/gcc/powerpc-eabi/4.8.2/crtbegin.o
 .rela.text.GX_SetDispCopyDst
                0x00000000        0x0 c:/devkitpro/devkitppc/bin/../lib/gcc/powerpc-eabi/4.8.2/crtbegin.o
 .rela.text.GX_SetDispCopySrc
                0x00000000        0x0 c:/devkitpro/devkitppc/bin/../lib/gcc/powerpc-eabi/4.8.2/crtbegin.o
 .rela.text.GX_CopyDisp
                0x00000000        0x0 c:/devkitpro/devkitppc/bin/../lib/gcc/powerpc-eabi/4.8.2/crtbegin.o
 .rela.text.GX_CopyTex
                0x00000000        0x0 c:/devkitpro/devkitppc/bin/../lib/gcc/powerpc-eabi/4.8.2/crtbegin.o
 .rela.text.GX_SetTexCopySrc
                0x00000000        0x0 c:/devkitpro/devkitppc/bin/../lib/gcc/powerpc-eabi/4.8.2/crtbegin.o
 .rela.text.GX_SetTexCopyDst
                0x00000000        0x0 c:/devkitpro/devkitppc/bin/../lib/gcc/powerpc-eabi/4.8.2/crtbegin.o
 .rela.text.GX_BeginDispList
                0x00000000        0x0 c:/devkitpro/devkitppc/bin/../lib/gcc/powerpc-eabi/4.8.2/crtbegin.o
 .rela.text.GX_EndDispList
                0x00000000        0x0 c:/devkitpro/devkitppc/bin/../lib/gcc/powerpc-eabi/4.8.2/crtbegin.o
 .rela.text.GX_CallDispList
                0x00000000        0x0 c:/devkitpro/devkitppc/bin/../lib/gcc/powerpc-eabi/4.8.2/crtbegin.o
 .rela.text.GX_SetChanCtrl
                0x00000000        0x0 c:/devkitpro/devkitppc/bin/../lib/gcc/powerpc-eabi/4.8.2/crtbegin.o
 .rela.text.GX_SetChanAmbColor
                0x00000000        0x0 c:/devkitpro/devkitppc/bin/../lib/gcc/powerpc-eabi/4.8.2/crtbegin.o
 .rela.text.GX_SetChanMatColor
                0x00000000        0x0 c:/devkitpro/devkitppc/bin/../lib/gcc/powerpc-eabi/4.8.2/crtbegin.o
 .rela.text.GX_SetVtxDesc
                0x00000000        0x0 c:/devkitpro/devkitppc/bin/../lib/gcc/powerpc-eabi/4.8.2/crtbegin.o
 .rela.text.GX_SetVtxDescv
                0x00000000        0x0 c:/devkitpro/devkitppc/bin/../lib/gcc/powerpc-eabi/4.8.2/crtbegin.o
 .rela.text.GX_GetVtxDescv
                0x00000000        0x0 c:/devkitpro/devkitppc/bin/../lib/gcc/powerpc-eabi/4.8.2/crtbegin.o
 .rela.text.GX_SetVtxAttrFmt
                0x00000000        0x0 c:/devkitpro/devkitppc/bin/../lib/gcc/powerpc-eabi/4.8.2/crtbegin.o
 .rela.text.GX_SetVtxAttrFmtv
                0x00000000        0x0 c:/devkitpro/devkitppc/bin/../lib/gcc/powerpc-eabi/4.8.2/crtbegin.o
 .rela.text.GX_Begin
                0x00000000        0x0 c:/devkitpro/devkitppc/bin/../lib/gcc/powerpc-eabi/4.8.2/crtbegin.o
 .rela.text.GX_SetTexCoordGen2
                0x00000000        0x0 c:/devkitpro/devkitppc/bin/../lib/gcc/powerpc-eabi/4.8.2/crtbegin.o
 .rela.text.GX_SetCurrentMtx
                0x00000000        0x0 c:/devkitpro/devkitppc/bin/../lib/gcc/powerpc-eabi/4.8.2/crtbegin.o
 .rela.text.GX_SetNumTexGens
                0x00000000        0x0 c:/devkitpro/devkitppc/bin/../lib/gcc/powerpc-eabi/4.8.2/crtbegin.o
 .rela.text.GX_SetZMode
                0x00000000        0x0 c:/devkitpro/devkitppc/bin/../lib/gcc/powerpc-eabi/4.8.2/crtbegin.o
 .rela.text.GX_LoadTexObjPreloaded
                0x00000000        0x0 c:/devkitpro/devkitppc/bin/../lib/gcc/powerpc-eabi/4.8.2/crtbegin.o
 .rela.text.GX_SetTexCoordScaleManually
                0x00000000        0x0 c:/devkitpro/devkitppc/bin/../lib/gcc/powerpc-eabi/4.8.2/crtbegin.o
 .rela.text.GX_SetTexCoordCylWrap
                0x00000000        0x0 c:/devkitpro/devkitppc/bin/../lib/gcc/powerpc-eabi/4.8.2/crtbegin.o
 .rela.text.GX_SetTexCoordBias
                0x00000000        0x0 c:/devkitpro/devkitppc/bin/../lib/gcc/powerpc-eabi/4.8.2/crtbegin.o
 .rela.text.GX_SetBlendMode
                0x00000000        0x0 c:/devkitpro/devkitppc/bin/../lib/gcc/powerpc-eabi/4.8.2/crtbegin.o
 .rela.text.GX_ClearVtxDesc
                0x00000000        0x0 c:/devkitpro/devkitppc/bin/../lib/gcc/powerpc-eabi/4.8.2/crtbegin.o
 .rela.text.GX_SetLineWidth
                0x00000000        0x0 c:/devkitpro/devkitppc/bin/../lib/gcc/powerpc-eabi/4.8.2/crtbegin.o
 .rela.text.GX_SetPointSize
                0x00000000        0x0 c:/devkitpro/devkitppc/bin/../lib/gcc/powerpc-eabi/4.8.2/crtbegin.o
 .rela.text.GX_SetTevColorIn
                0x00000000        0x0 c:/devkitpro/devkitppc/bin/../lib/gcc/powerpc-eabi/4.8.2/crtbegin.o
 .rela.text.GX_SetTevAlphaIn
                0x00000000        0x0 c:/devkitpro/devkitppc/bin/../lib/gcc/powerpc-eabi/4.8.2/crtbegin.o
 .rela.text.GX_SetTevColorOp
                0x00000000        0x0 c:/devkitpro/devkitppc/bin/../lib/gcc/powerpc-eabi/4.8.2/crtbegin.o
 .rela.text.GX_SetTevAlphaOp
                0x00000000        0x0 c:/devkitpro/devkitppc/bin/../lib/gcc/powerpc-eabi/4.8.2/crtbegin.o
 .rela.text.GX_SetCullMode
                0x00000000        0x0 c:/devkitpro/devkitppc/bin/../lib/gcc/powerpc-eabi/4.8.2/crtbegin.o
 .rela.text.GX_SetCoPlanar
                0x00000000        0x0 c:/devkitpro/devkitppc/bin/../lib/gcc/powerpc-eabi/4.8.2/crtbegin.o
 .rela.text.GX_EnableTexOffsets
                0x00000000        0x0 c:/devkitpro/devkitppc/bin/../lib/gcc/powerpc-eabi/4.8.2/crtbegin.o
 .rela.text.GX_SetScissor
                0x00000000        0x0 c:/devkitpro/devkitppc/bin/../lib/gcc/powerpc-eabi/4.8.2/crtbegin.o
 .rela.text.GX_SetNumChans
                0x00000000        0x0 c:/devkitpro/devkitppc/bin/../lib/gcc/powerpc-eabi/4.8.2/crtbegin.o
 .rela.text.GX_SetTevOrder
                0x00000000        0x0 c:/devkitpro/devkitppc/bin/../lib/gcc/powerpc-eabi/4.8.2/crtbegin.o
 .rela.text.GX_SetNumTevStages
                0x00000000        0x0 c:/devkitpro/devkitppc/bin/../lib/gcc/powerpc-eabi/4.8.2/crtbegin.o
 .rela.text.GX_SetTevKColorSel
                0x00000000        0x0 c:/devkitpro/devkitppc/bin/../lib/gcc/powerpc-eabi/4.8.2/crtbegin.o
 .rela.text.GX_SetTevKAlphaSel
                0x00000000        0x0 c:/devkitpro/devkitppc/bin/../lib/gcc/powerpc-eabi/4.8.2/crtbegin.o
 .rela.text.GX_SetTevSwapMode
                0x00000000        0x0 c:/devkitpro/devkitppc/bin/../lib/gcc/powerpc-eabi/4.8.2/crtbegin.o
 .rela.text.GX_SetTevSwapModeTable
                0x00000000        0x0 c:/devkitpro/devkitppc/bin/../lib/gcc/powerpc-eabi/4.8.2/crtbegin.o
 .rela.text.GX_SetNumIndStages
                0x00000000        0x0 c:/devkitpro/devkitppc/bin/../lib/gcc/powerpc-eabi/4.8.2/crtbegin.o
 .rela.text.GX_SetIndTexCoordScale
                0x00000000        0x0 c:/devkitpro/devkitppc/bin/../lib/gcc/powerpc-eabi/4.8.2/crtbegin.o
 .rela.text.GX_SetColorUpdate
                0x00000000        0x0 c:/devkitpro/devkitppc/bin/../lib/gcc/powerpc-eabi/4.8.2/crtbegin.o
 .rela.text.GX_SetAlphaUpdate
                0x00000000        0x0 c:/devkitpro/devkitppc/bin/../lib/gcc/powerpc-eabi/4.8.2/crtbegin.o
 .rela.text.GX_SetZCompLoc
                0x00000000        0x0 c:/devkitpro/devkitppc/bin/../lib/gcc/powerpc-eabi/4.8.2/crtbegin.o
 .rela.text.GX_SetPixelFmt
                0x00000000        0x0 c:/devkitpro/devkitppc/bin/../lib/gcc/powerpc-eabi/4.8.2/crtbegin.o
 .rela.text.GX_SetDither
                0x00000000        0x0 c:/devkitpro/devkitppc/bin/../lib/gcc/powerpc-eabi/4.8.2/crtbegin.o
 .rela.text.GX_SetDstAlpha
                0x00000000        0x0 c:/devkitpro/devkitppc/bin/../lib/gcc/powerpc-eabi/4.8.2/crtbegin.o
 .rela.text.GX_SetFieldMode
                0x00000000        0x0 c:/devkitpro/devkitppc/bin/../lib/gcc/powerpc-eabi/4.8.2/crtbegin.o
 .rela.text.GX_SetIndTexOrder
                0x00000000        0x0 c:/devkitpro/devkitppc/bin/../lib/gcc/powerpc-eabi/4.8.2/crtbegin.o
 .rela.text.GX_SetGPMetric
                0x00000000        0x0 c:/devkitpro/devkitppc/bin/../lib/gcc/powerpc-eabi/4.8.2/crtbegin.o
 .rela.text.GX_Init
                0x00000000        0x0 c:/devkitpro/devkitppc/bin/../lib/gcc/powerpc-eabi/4.8.2/crtbegin.o
 .rela.text.GX_ReadGPMetric
                0x00000000        0x0 c:/devkitpro/devkitppc/bin/../lib/gcc/powerpc-eabi/4.8.2/crtbegin.o
 .rela.text.kprintf
                0x00000000        0x0 c:/devkitpro/devkitppc/bin/../lib/gcc/powerpc-eabi/4.8.2/crtbegin.o
 .rela.text.atangent
                0x00000000        0x0 c:/devkitpro/devkitppc/bin/../lib/gcc/powerpc-eabi/4.8.2/crtbegin.o
 .rela.text.atangentf
                0x00000000        0x0 c:/devkitpro/devkitppc/bin/../lib/gcc/powerpc-eabi/4.8.2/crtbegin.o
 .rela.text.sinef
                0x00000000        0x0 c:/devkitpro/devkitppc/bin/../lib/gcc/powerpc-eabi/4.8.2/crtbegin.o
 .rela.text.sqrtf
                0x00000000        0x0 c:/devkitpro/devkitppc/bin/../lib/gcc/powerpc-eabi/4.8.2/crtbegin.o
 .rela.text.calloc
                0x00000000        0x0 c:/devkitpro/devkitppc/bin/../lib/gcc/powerpc-eabi/4.8.2/crtbegin.o
 .rela.text.__errno
                0x00000000        0x0 c:/devkitpro/devkitppc/bin/../lib/gcc/powerpc-eabi/4.8.2/crtbegin.o
 .rela.text.exit
                0x00000000        0x0 c:/devkitpro/devkitppc/bin/../lib/gcc/powerpc-eabi/4.8.2/crtbegin.o
 .rela.text.fprintf
                0x00000000        0x0 c:/devkitpro/devkitppc/bin/../lib/gcc/powerpc-eabi/4.8.2/crtbegin.o
 .rela.text.fputs
                0x00000000        0x0 c:/devkitpro/devkitppc/bin/../lib/gcc/powerpc-eabi/4.8.2/crtbegin.o
 .rela.text._malloc_trim_r
                0x00000000        0x0 c:/devkitpro/devkitppc/bin/../lib/gcc/powerpc-eabi/4.8.2/crtbegin.o
 .rela.text._free_r
                0x00000000        0x0 c:/devkitpro/devkitppc/bin/../lib/gcc/powerpc-eabi/4.8.2/crtbegin.o
 .rela.text.setvbuf
                0x00000000        0x0 c:/devkitpro/devkitppc/bin/../lib/gcc/powerpc-eabi/4.8.2/crtbegin.o
 .rela.text._svfprintf_r
                0x00000000        0x0 c:/devkitpro/devkitppc/bin/../lib/gcc/powerpc-eabi/4.8.2/crtbegin.o
 .rela.text._vfprintf_r
                0x00000000        0x0 c:/devkitpro/devkitppc/bin/../lib/gcc/powerpc-eabi/4.8.2/crtbegin.o
 .rela.text._wcrtomb_r
                0x00000000        0x0 c:/devkitpro/devkitppc/bin/../lib/gcc/powerpc-eabi/4.8.2/crtbegin.o
 .rela.text.wcrtomb
                0x00000000        0x0 c:/devkitpro/devkitppc/bin/../lib/gcc/powerpc-eabi/4.8.2/crtbegin.o
 .rela.text.__call_exitprocs
                0x00000000        0x0 c:/devkitpro/devkitppc/bin/../lib/gcc/powerpc-eabi/4.8.2/crtbegin.o
 .rela.text._dtoa_r
                0x00000000        0x0 c:/devkitpro/devkitppc/bin/../lib/gcc/powerpc-eabi/4.8.2/crtbegin.o
 .rela.text._cleanup_r
                0x00000000        0x0 c:/devkitpro/devkitppc/bin/../lib/gcc/powerpc-eabi/4.8.2/crtbegin.o
 .rela.text.std.isra.0
                0x00000000        0x0 c:/devkitpro/devkitppc/bin/../lib/gcc/powerpc-eabi/4.8.2/crtbegin.o
 .rela.text._cleanup
                0x00000000        0x0 c:/devkitpro/devkitppc/bin/../lib/gcc/powerpc-eabi/4.8.2/crtbegin.o
 .rela.text.loadlocale
                0x00000000        0x0 c:/devkitpro/devkitppc/bin/../lib/gcc/powerpc-eabi/4.8.2/crtbegin.o
 .rela.text.__smakebuf_r
                0x00000000        0x0 c:/devkitpro/devkitppc/bin/../lib/gcc/powerpc-eabi/4.8.2/crtbegin.o
 .rela.text._findenv_r
                0x00000000        0x0 c:/devkitpro/devkitppc/bin/../lib/gcc/powerpc-eabi/4.8.2/crtbegin.o

.rel.fini
 *(.rel.fini)

.rela.fini
 *(.rela.fini)

.rel.rodata
 *(.rel.rodata .rel.rodata.* .rel.gnu.linkonce.r.*)

.rela.rodata
 *(.rela.rodata .rela.rodata.* .rela.gnu.linkonce.r.*)

.rel.data
 *(.rel.data .rel.data.* .rel.gnu.linkonce.d.*)

.rela.data
 *(.rela.data .rela.data.* .rela.gnu.linkonce.d.*)

.rel.tdata
 *(.rel.tdata .rel.tdata.* .rel.gnu.linkonce.td.*)

.rela.tdata
 *(.rela.tdata .rela.tdata.* .rela.gnu.linkonce.td.*)

.rel.tbss
 *(.rel.tbss .rel.tbss.* .rel.gnu.linkonce.tb.*)

.rela.tbss
 *(.rela.tbss .rela.tbss.* .rela.gnu.linkonce.tb.*)

.rel.ctors
 *(.rel.ctors)

.rela.ctors
 *(.rela.ctors)

.rel.dtors
 *(.rel.dtors)

.rela.dtors
 *(.rela.dtors)

.rel.got
 *(.rel.got)

.rela.got
 *(.rela.got)

.rela.got1
 *(.rela.got1)

.rela.got2      0x80004194        0x0
 *(.rela.got2)
 .rela.got2     0x00000000        0x0 c:/devkitpro/devkitppc/bin/../lib/gcc/powerpc-eabi/4.8.2/crtbegin.o

.rel.sdata
 *(.rel.sdata .rel.sdata.* .rel.gnu.linkonce.s.*)

.rela.sdata
 *(.rela.sdata .rela.sdata.* .rela.gnu.linkonce.s.*)

.rel.sbss
 *(.rel.sbss .rel.sbss.* .rel.gnu.linkonce.sb.*)

.rela.sbss
 *(.rela.sbss .rela.sbss.* .rel.gnu.linkonce.sb.*)

.rel.sdata2
 *(.rel.sdata2 .rel.sdata2.* .rel.gnu.linkonce.s2.*)

.rela.sdata2    0x80004194        0x0
 *(.rela.sdata2 .rela.sdata2.* .rela.gnu.linkonce.s2.*)
 .rela.sdata2.__sys_inIPL
                0x00000000        0x0 c:/devkitpro/devkitppc/bin/../lib/gcc/powerpc-eabi/4.8.2/crtbegin.o

.rel.sbss2
 *(.rel.sbss2 .rel.sbss2.* .rel.gnu.linkonce.sb2.*)

.rela.sbss2
 *(.rela.sbss2 .rela.sbss2.* .rela.gnu.linkonce.sb2.*)

.rel.bss
 *(.rel.bss .rel.bss.* .rel.gnu.linkonce.b.*)

.rela.bss
 *(.rela.bss .rela.bss.* .rela.gnu.linkonce.b.*)

.rel.plt
 *(.rel.plt)

.rela.plt
 *(.rela.plt)

.text           0x800041a0    0x2e720
 *(.text)
 .text          0x800041a0      0x1e0 c:/devkitpro/devkitppc/bin/../lib/gcc/powerpc-eabi/4.8.2/crtbegin.o
 .text          0x80004380       0x44 c:/devkitpro/devkitppc/bin/../lib/gcc/powerpc-eabi/4.8.2/../../../../powerpc-eabi/lib/crtmain.o
                0x80004384                __crtmain
 *fill*         0x800043c4       0x1c 00000000
 .text          0x800043e0      0x44c c:/devkitpro/libogc/lib/wii\libogc.a(lwp_handler.o)
                0x800043e0                _cpu_context_save_fp
                0x80004520                _cpu_context_restore_fp
                0x80004660                _cpu_context_switch
                0x80004740                _cpu_context_save
                0x800047c0                _cpu_context_restore
 .text          0x8000482c      0x4a0 c:/devkitpro/libogc/lib/wii\libogc.a(system_asm.o)
                0x8000482c                __realmode
                0x80004844                __configBATS
                0x80004974                __InitFPRS
                0x80004aa0                __InitPS
                0x80004afc                __InitCache
                0x80004b54                __InitSystem
                0x80004bdc                __flush_cache
                0x80004c10                __reset
                0x80004c80                __InitBATS
                0x80004c9c                SYS_SwitchFiber
 .text          0x80004ccc      0x1ac c:/devkitpro/libogc/lib/wii\libogc.a(irq_handler.o)
                0x80004ccc                irq_exceptionhandler
 .text          0x80004e78      0x4f4 c:/devkitpro/libogc/lib/wii\libogc.a(cache_asm.o)
                0x80004e78                DCFlashInvalidate
                0x80004e8c                DCEnable
                0x80004ea0                DCDisable
                0x80004eb4                DCFreeze
                0x80004ec8                DCUnfreeze
                0x80004edc                DCTouchLoad
                0x80004ee4                DCBlockZero
                0x80004eec                DCBlockStore
                0x80004ef4                DCBlockFlush
                0x80004efc                DCBlockInvalidate
                0x80004f04                DCInvalidateRange
                0x80004f34                DCFlushRange
                0x80004f68                DCStoreRange
                0x80004f9c                DCFlushRangeNoSync
                0x80004fcc                DCStoreRangeNoSync
                0x80004ffc                DCZeroRange
                0x8000502c                DCTouchRange
                0x8000505c                ICInvalidateRange
                0x80005094                ICFlashInvalidate
                0x800050a8                ICEnable
                0x800050bc                ICDisable
                0x800050d0                ICFreeze
                0x800050e4                ICUnfreeze
                0x800050f8                ICBlockInvalidate
                0x80005100                ICSync
                0x80005108                L2Init
                0x80005150                L2Enable
                0x8000516c                L2Disable
                0x80005184                L2GlobalInvalidate
                0x800051dc                __LCEnable
                0x800052a8                LCDisable
                0x800052d0                LCAllocOneTag
                0x800052e4                LCAllocTags
                0x80005324                LCLoadBlocks
                0x80005348                LCStoreBlocks
 .text          0x8000536c      0x1ac c:/devkitpro/libogc/lib/wii\libogc.a(decrementer_handler.o)
                0x8000536c                dec_exceptionhandler
 .text          0x80005518      0x35c c:/devkitpro/libogc/lib/wii\libogc.a(exception_handler.o)
                0x80005518                exceptionhandler_start
                0x80005594                exceptionhandler_patch
                0x800055c8                exceptionhandler_end
                0x800055cc                default_exceptionhandler
                0x800056fc                fpu_exceptionhandler
                0x80005844                systemcallhandler_start
                0x80005870                systemcallhandler_end
 .text          0x80005874       0x40 c:/devkitpro/devkitppc/bin/../lib/gcc/powerpc-eabi/4.8.2\libgcc.a(_ashldi3.o)
                0x80005874                __ashldi3
 .text          0x800058b4      0x414 c:/devkitpro/devkitppc/bin/../lib/gcc/powerpc-eabi/4.8.2\libgcc.a(_udivdi3.o)
                0x800058b4                __udivdi3
 .text          0x80005cc8      0x3b8 c:/devkitpro/devkitppc/bin/../lib/gcc/powerpc-eabi/4.8.2\libgcc.a(_umoddi3.o)
                0x80005cc8                __umoddi3
 .text          0x80006080       0x48 c:/devkitpro/devkitppc/bin/../lib/gcc/powerpc-eabi/4.8.2\libgcc.a(eabi.o)
                0x80006080                __eabi
 .text          0x800060c8       0x4c c:/devkitpro/devkitppc/bin/../lib/gcc/powerpc-eabi/4.8.2\libgcc.a(crtsavfpr.o)
                0x800060c8                _savefpr_14
                0x800060cc                _savefpr_15
                0x800060d0                _savefpr_16
                0x800060d4                _savefpr_17
                0x800060d8                _savefpr_18
                0x800060dc                _savefpr_19
                0x800060e0                _savefpr_20
                0x800060e4                _savefpr_21
                0x800060e8                _savefpr_22
                0x800060ec                _savefpr_23
                0x800060f0                _savefpr_24
                0x800060f4                _savefpr_25
                0x800060f8                _savefpr_26
                0x800060fc                _savefpr_27
                0x80006100                _savefpr_28
                0x80006104                _savefpr_29
                0x80006108                _savefpr_30
                0x8000610c                _savefpr_31
 .text          0x80006114       0x58 c:/devkitpro/devkitppc/bin/../lib/gcc/powerpc-eabi/4.8.2\libgcc.a(crtresxfpr.o)
                0x80006114                _restfpr_14_x
                0x80006118                _restfpr_15_x
                0x8000611c                _restfpr_16_x
                0x80006120                _restfpr_17_x
                0x80006124                _restfpr_18_x
                0x80006128                _restfpr_19_x
                0x8000612c                _restfpr_20_x
                0x80006130                _restfpr_21_x
                0x80006134                _restfpr_22_x
                0x80006138                _restfpr_23_x
                0x8000613c                _restfpr_24_x
                0x80006140                _restfpr_25_x
                0x80006144                _restfpr_26_x
                0x80006148                _restfpr_27_x
                0x8000614c                _restfpr_28_x
                0x80006150                _restfpr_29_x
                0x80006154                _restfpr_30_x
                0x80006158                _restfpr_31_x
 .text          0x8000616c       0x58 c:/devkitpro/devkitppc/bin/../lib/gcc/powerpc-eabi/4.8.2\libgcc.a(crtresxgpr.o)
                0x8000616c                _restgpr_14_x
                0x80006170                _restgpr_15_x
                0x80006174                _restgpr_16_x
                0x80006178                _restgpr_17_x
                0x8000617c                _restgpr_18_x
                0x80006180                _restgpr_19_x
                0x80006184                _restgpr_20_x
                0x80006188                _restgpr_21_x
                0x8000618c                _restgpr_22_x
                0x80006190                _restgpr_23_x
                0x80006194                _restgpr_24_x
                0x80006198                _restgpr_25_x
                0x8000619c                _restgpr_26_x
                0x800061a0                _restgpr_27_x
                0x800061a4                _restgpr_28_x
                0x800061a8                _restgpr_29_x
                0x800061ac                _restgpr_30_x
                0x800061b0                _restgpr_31_x
 .text          0x800061c4       0x28 c:/devkitpro/devkitppc/bin/../lib/gcc/powerpc-eabi/4.8.2/../../../../powerpc-eabi/lib\libsysbase.a(abort.o)
                0x800061c4                abort
 .text          0x800061ec      0x2f8 c:/devkitpro/devkitppc/bin/../lib/gcc/powerpc-eabi/4.8.2/../../../../powerpc-eabi/lib\libsysbase.a(iosupport.o)
                0x800061ec                setDefaultDevice
                0x80006204                FindDevice
                0x80006328                RemoveDevice
                0x80006378                AddDevice
                0x80006494                GetDeviceOpTab
 .text          0x800064e4       0x28 c:/devkitpro/devkitppc/bin/../lib/gcc/powerpc-eabi/4.8.2/../../../../powerpc-eabi/lib\libsysbase.a(_exit.o)
                0x800064e4                _exit
 .text          0x8000650c       0x88 c:/devkitpro/devkitppc/bin/../lib/gcc/powerpc-eabi/4.8.2/../../../../powerpc-eabi/lib\libsysbase.a(build_argv.o)
                0x8000650c                build_argv
 .text          0x80006594       0xb0 c:/devkitpro/devkitppc/bin/../lib/gcc/powerpc-eabi/4.8.2/../../../../powerpc-eabi/lib\libsysbase.a(syscall_support.o)
                0x80006594                __libc_lock_init
                0x800065b4                __libc_lock_close
                0x800065d4                __libc_lock_release
                0x800065f4                __libc_lock_acquire
                0x80006614                __malloc_lock
                0x8000662c                __malloc_unlock
 .text          0x80006644       0xa0 c:/devkitpro/devkitppc/bin/../lib/gcc/powerpc-eabi/4.8.2/../../../../powerpc-eabi/lib\libsysbase.a(close.o)
                0x80006644                _close_r
 .text          0x800066e4       0xb0 c:/devkitpro/devkitppc/bin/../lib/gcc/powerpc-eabi/4.8.2/../../../../powerpc-eabi/lib\libsysbase.a(fstat.o)
                0x800066e4                _fstat_r
 .text          0x80006794        0x8 c:/devkitpro/devkitppc/bin/../lib/gcc/powerpc-eabi/4.8.2/../../../../powerpc-eabi/lib\libsysbase.a(isatty.o)
                0x80006794                _isatty_r
 .text          0x8000679c       0xc0 c:/devkitpro/devkitppc/bin/../lib/gcc/powerpc-eabi/4.8.2/../../../../powerpc-eabi/lib\libsysbase.a(lseek.o)
                0x8000679c                _lseek_r
 .text          0x8000685c       0xb0 c:/devkitpro/devkitppc/bin/../lib/gcc/powerpc-eabi/4.8.2/../../../../powerpc-eabi/lib\libsysbase.a(read.o)
                0x8000685c                _read_r
 .text          0x8000690c       0x28 c:/devkitpro/devkitppc/bin/../lib/gcc/powerpc-eabi/4.8.2/../../../../powerpc-eabi/lib\libsysbase.a(sbrk.o)
                0x8000690c                _sbrk_r
 .text          0x80006934       0xb8 c:/devkitpro/devkitppc/bin/../lib/gcc/powerpc-eabi/4.8.2/../../../../powerpc-eabi/lib\libsysbase.a(write.o)
                0x80006934                _write_r
 .text          0x800069ec       0x4c c:/devkitpro/devkitppc/bin/../lib/gcc/powerpc-eabi/4.8.2/../../../../powerpc-eabi/lib\libsysbase.a(flock.o)
                0x800069ec                __flockfile
                0x80006a30                __funlockfile
 .text          0x80006a38      0x174 c:/devkitpro/devkitppc/bin/../lib/gcc/powerpc-eabi/4.8.2/../../../../powerpc-eabi/lib\libsysbase.a(handle_manager.o)
                0x80006a38                __release_handle
                0x80006a94                __alloc_handle
                0x80006b84                __get_handle
 .text          0x80006bac       0x68 c:/devkitpro/devkitppc/bin/../lib/gcc/powerpc-eabi/4.8.2/crtend.o
 *(.text.*)
 .text.poll     0x80006c14       0xa0 sockettest.o
                0x80006c14                poll
 .text.httpd    0x80006cb4      0x1cc sockettest.o
                0x80006cb4                httpd
 .text.initialise
                0x80006e80       0xa8 sockettest.o
                0x80006e80                initialise
 .text.startup.main
                0x80006f28      0x198 sockettest.o
                0x80006f28                main
 .text.__wpad_assign_slot
                0x800070c0      0x218 c:/devkitpro/libogc/lib/wii\libwiiuse.a(wpad.o)
                0x800070c0                __wpad_assign_slot
 .text.__wpad_def_powcb
                0x800072d8        0x4 c:/devkitpro/libogc/lib/wii\libwiiuse.a(wpad.o)
 .text.__wpad_disconnect
                0x800072dc       0x4c c:/devkitpro/libogc/lib/wii\libwiiuse.a(wpad.o)
 .text.__readlinkkey_finished
                0x80007328       0x30 c:/devkitpro/libogc/lib/wii\libwiiuse.a(wpad.o)
 .text.__wpad_patch_finished
                0x80007358       0x2c c:/devkitpro/libogc/lib/wii\libwiiuse.a(wpad.o)
 .text.__wpad_setfmt
                0x80007384      0x100 c:/devkitpro/libogc/lib/wii\libwiiuse.a(wpad.o)
 .text.__wpad_eventCB
                0x80007484      0x8e0 c:/devkitpro/libogc/lib/wii\libwiiuse.a(wpad.o)
 .text.__wpad_disconnectCB
                0x80007d64       0xcc c:/devkitpro/libogc/lib/wii\libwiiuse.a(wpad.o)
                0x80007d64                __wpad_disconnectCB
 .text.__wpad_timeouthandler
                0x80007e30       0x90 c:/devkitpro/libogc/lib/wii\libwiiuse.a(wpad.o)
 .text.__initcore_finished
                0x80007ec0       0x48 c:/devkitpro/libogc/lib/wii\libwiiuse.a(wpad.o)
 .text.__wpad_init_finished
                0x80007f08      0x138 c:/devkitpro/libogc/lib/wii\libwiiuse.a(wpad.o)
 .text.WPAD_ReadEvent
                0x80008040      0x574 c:/devkitpro/libogc/lib/wii\libwiiuse.a(wpad.o)
                0x80008040                WPAD_ReadEvent
 .text.WPAD_ReadPending
                0x800085b4      0x108 c:/devkitpro/libogc/lib/wii\libwiiuse.a(wpad.o)
                0x800085b4                WPAD_ReadPending
 .text.WPAD_Shutdown
                0x800086bc       0xbc c:/devkitpro/libogc/lib/wii\libwiiuse.a(wpad.o)
                0x800086bc                WPAD_Shutdown
 .text.WPAD_Init
                0x80008778      0x234 c:/devkitpro/libogc/lib/wii\libwiiuse.a(wpad.o)
                0x80008778                WPAD_Init
 .text.__wpad_onreset
                0x800089ac       0x34 c:/devkitpro/libogc/lib/wii\libwiiuse.a(wpad.o)
 .text.WPAD_ScanPads
                0x800089e0        0xc c:/devkitpro/libogc/lib/wii\libwiiuse.a(wpad.o)
                0x800089e0                WPAD_ScanPads
 .text.WPAD_ButtonsDown
                0x800089ec       0x28 c:/devkitpro/libogc/lib/wii\libwiiuse.a(wpad.o)
                0x800089ec                WPAD_ButtonsDown
 .text.WPAD_ButtonsHeld
                0x80008a14       0x28 c:/devkitpro/libogc/lib/wii\libwiiuse.a(wpad.o)
                0x80008a14                WPAD_ButtonsHeld
 .text.motion_plus_disconnected
                0x80008a3c       0x10 c:/devkitpro/libogc/lib/wii\libwiiuse.a(motion_plus.o)
                0x80008a3c                motion_plus_disconnected
 .text.motion_plus_event
                0x80008a4c       0x64 c:/devkitpro/libogc/lib/wii\libwiiuse.a(motion_plus.o)
                0x80008a4c                motion_plus_event
 .text.calculate_gforce
                0x80008ab0      0x114 c:/devkitpro/libogc/lib/wii\libwiiuse.a(dynamics.o)
                0x80008ab0                calculate_gforce
 .text.calc_joystick_state
                0x80008bc4      0x1fc c:/devkitpro/libogc/lib/wii\libwiiuse.a(dynamics.o)
                0x80008bc4                calc_joystick_state
 .text.apply_smoothing
                0x80008dc0      0x158 c:/devkitpro/libogc/lib/wii\libwiiuse.a(dynamics.o)
                0x80008dc0                apply_smoothing
 .text.calculate_orientation
                0x80008f18      0x298 c:/devkitpro/libogc/lib/wii\libwiiuse.a(dynamics.o)
                0x80008f18                calculate_orientation
 .text.calc_balanceboard_state
                0x800091b0      0x344 c:/devkitpro/libogc/lib/wii\libwiiuse.a(dynamics.o)
                0x800091b0                calc_balanceboard_state
 .text.wiiuse_handshake
                0x800094f4      0x164 c:/devkitpro/libogc/lib/wii\libwiiuse.a(io.o)
                0x800094f4                wiiuse_handshake
 .text.wiiuse_handshake_expansion
                0x80009658      0x1c4 c:/devkitpro/libogc/lib/wii\libwiiuse.a(io.o)
                0x80009658                wiiuse_handshake_expansion
 .text.wiiuse_handshake_expansion_start
                0x8000981c       0x24 c:/devkitpro/libogc/lib/wii\libwiiuse.a(io.o)
                0x8000981c                wiiuse_handshake_expansion_start
 .text.wiiuse_disable_expansion
                0x80009840       0xcc c:/devkitpro/libogc/lib/wii\libwiiuse.a(io.o)
                0x80009840                wiiuse_disable_expansion
 .text.__wiiuse_connected
                0x8000990c       0x78 c:/devkitpro/libogc/lib/wii\libwiiuse.a(io_wii.o)
 .text.__wiiuse_disconnected
                0x80009984       0x90 c:/devkitpro/libogc/lib/wii\libwiiuse.a(io_wii.o)
 .text.__wiiuse_receive
                0x80009a14       0x8c c:/devkitpro/libogc/lib/wii\libwiiuse.a(io_wii.o)
 .text.__wiiuse_sensorbar_enable
                0x80009aa0       0x4c c:/devkitpro/libogc/lib/wii\libwiiuse.a(io_wii.o)
                0x80009aa0                __wiiuse_sensorbar_enable
 .text.wiiuse_register
                0x80009aec       0xa8 c:/devkitpro/libogc/lib/wii\libwiiuse.a(io_wii.o)
                0x80009aec                wiiuse_register
 .text.wiiuse_disconnect
                0x80009b94       0x24 c:/devkitpro/libogc/lib/wii\libwiiuse.a(io_wii.o)
                0x80009b94                wiiuse_disconnect
 .text.wiiuse_init_cmd_queue
                0x80009bb8       0x90 c:/devkitpro/libogc/lib/wii\libwiiuse.a(io_wii.o)
                0x80009bb8                wiiuse_init_cmd_queue
 .text.wiiuse_io_write
                0x80009c48       0x1c c:/devkitpro/libogc/lib/wii\libwiiuse.a(io_wii.o)
                0x80009c48                wiiuse_io_write
 .text.get_ir_sens.isra.0
                0x80009c64       0xe4 c:/devkitpro/libogc/lib/wii\libwiiuse.a(ir.o)
 .text.rotate_dots
                0x80009d48       0xf8 c:/devkitpro/libogc/lib/wii\libwiiuse.a(ir.o)
 .text.wiiuse_set_ir_mode
                0x80009e40       0x60 c:/devkitpro/libogc/lib/wii\libwiiuse.a(ir.o)
                0x80009e40                wiiuse_set_ir_mode
 .text.wiiuse_set_ir
                0x80009ea0      0x19c c:/devkitpro/libogc/lib/wii\libwiiuse.a(ir.o)
                0x80009ea0                wiiuse_set_ir
 .text.wiiuse_set_ir_position
                0x8000a03c       0x78 c:/devkitpro/libogc/lib/wii\libwiiuse.a(ir.o)
                0x8000a03c                wiiuse_set_ir_position
 .text.wiiuse_set_aspect_ratio
                0x8000a0b4       0x3c c:/devkitpro/libogc/lib/wii\libwiiuse.a(ir.o)
                0x8000a0b4                wiiuse_set_aspect_ratio
 .text.wiiuse_set_ir_sensitivity
                0x8000a0f0       0xf0 c:/devkitpro/libogc/lib/wii\libwiiuse.a(ir.o)
                0x8000a0f0                wiiuse_set_ir_sensitivity
 .text.calculate_basic_ir
                0x8000a1e0       0xf4 c:/devkitpro/libogc/lib/wii\libwiiuse.a(ir.o)
                0x8000a1e0                calculate_basic_ir
 .text.calculate_extended_ir
                0x8000a2d4       0x7c c:/devkitpro/libogc/lib/wii\libwiiuse.a(ir.o)
                0x8000a2d4                calculate_extended_ir
 .text.find_sensorbar
                0x8000a350      0x7f4 c:/devkitpro/libogc/lib/wii\libwiiuse.a(ir.o)
                0x8000a350                find_sensorbar
 .text.apply_ir_smoothing
                0x8000ab44       0xcc c:/devkitpro/libogc/lib/wii\libwiiuse.a(ir.o)
                0x8000ab44                apply_ir_smoothing
 .text.calc_yaw
                0x8000ac10       0x54 c:/devkitpro/libogc/lib/wii\libwiiuse.a(ir.o)
                0x8000ac10                calc_yaw
 .text.interpret_ir_data
                0x8000ac64      0x35c c:/devkitpro/libogc/lib/wii\libwiiuse.a(ir.o)
                0x8000ac64                interpret_ir_data
 .text.nunchuk_handshake
                0x8000afc0      0x228 c:/devkitpro/libogc/lib/wii\libwiiuse.a(nunchuk.o)
                0x8000afc0                nunchuk_handshake
 .text.nunchuk_disconnected
                0x8000b1e8        0xc c:/devkitpro/libogc/lib/wii\libwiiuse.a(nunchuk.o)
                0x8000b1e8                nunchuk_disconnected
 .text.nunchuk_event
                0x8000b1f4       0xdc c:/devkitpro/libogc/lib/wii\libwiiuse.a(nunchuk.o)
                0x8000b1f4                nunchuk_event
 .text.wii_board_handshake
                0x8000b2d0      0x16c c:/devkitpro/libogc/lib/wii\libwiiuse.a(wiiboard.o)
                0x8000b2d0                wii_board_handshake
 .text.wii_board_disconnected
                0x8000b43c        0xc c:/devkitpro/libogc/lib/wii\libwiiuse.a(wiiboard.o)
                0x8000b43c                wii_board_disconnected
 .text.wii_board_event
                0x8000b448       0x54 c:/devkitpro/libogc/lib/wii\libwiiuse.a(wiiboard.o)
                0x8000b448                wii_board_event
 .text.wiiuse_send_next_command
                0x8000b49c       0x50 c:/devkitpro/libogc/lib/wii\libwiiuse.a(wiiuse.o)
                0x8000b49c                wiiuse_send_next_command
 .text.__wiiuse_push_command
                0x8000b4ec       0x90 c:/devkitpro/libogc/lib/wii\libwiiuse.a(wiiuse.o)
 .text.wiiuse_init
                0x8000b57c      0x158 c:/devkitpro/libogc/lib/wii\libwiiuse.a(wiiuse.o)
                0x8000b57c                wiiuse_init
 .text.wiiuse_set_flags
                0x8000b6d4       0x24 c:/devkitpro/libogc/lib/wii\libwiiuse.a(wiiuse.o)
                0x8000b6d4                wiiuse_set_flags
 .text.wiiuse_read_data
                0x8000b6f8       0x94 c:/devkitpro/libogc/lib/wii\libwiiuse.a(wiiuse.o)
                0x8000b6f8                wiiuse_read_data
 .text.wiiuse_write_data
                0x8000b78c       0xc4 c:/devkitpro/libogc/lib/wii\libwiiuse.a(wiiuse.o)
                0x8000b78c                wiiuse_write_data
 .text.wiiuse_sendcmd
                0x8000b850       0x8c c:/devkitpro/libogc/lib/wii\libwiiuse.a(wiiuse.o)
                0x8000b850                wiiuse_sendcmd
 .text.wiiuse_set_leds
                0x8000b8dc       0x50 c:/devkitpro/libogc/lib/wii\libwiiuse.a(wiiuse.o)
                0x8000b8dc                wiiuse_set_leds
 .text.wiiuse_set_report_type
                0x8000b92c       0xd8 c:/devkitpro/libogc/lib/wii\libwiiuse.a(wiiuse.o)
                0x8000b92c                wiiuse_set_report_type
 .text.wiiuse_status
                0x8000ba04       0x4c c:/devkitpro/libogc/lib/wii\libwiiuse.a(wiiuse.o)
                0x8000ba04                wiiuse_status
 .text.wiiuse_motion_sensing
                0x8000ba50       0x3c c:/devkitpro/libogc/lib/wii\libwiiuse.a(wiiuse.o)
                0x8000ba50                wiiuse_motion_sensing
 .text.wiiuse_set_speaker
                0x8000ba8c      0x1f0 c:/devkitpro/libogc/lib/wii\libwiiuse.a(speaker.o)
                0x8000ba8c                wiiuse_set_speaker
 .text.classic_ctrl_handshake
                0x8000bc7c      0x17c c:/devkitpro/libogc/lib/wii\libwiiuse.a(classic.o)
                0x8000bc7c                classic_ctrl_handshake
 .text.classic_ctrl_disconnected
                0x8000bdf8        0xc c:/devkitpro/libogc/lib/wii\libwiiuse.a(classic.o)
                0x8000bdf8                classic_ctrl_disconnected
 .text.classic_ctrl_event
                0x8000be04       0xa0 c:/devkitpro/libogc/lib/wii\libwiiuse.a(classic.o)
                0x8000be04                classic_ctrl_event
 .text.handle_expansion
                0x8000bea4       0x44 c:/devkitpro/libogc/lib/wii\libwiiuse.a(events.o)
 .text.wiiuse_pressed_buttons
                0x8000bee8       0x2c c:/devkitpro/libogc/lib/wii\libwiiuse.a(events.o)
                0x8000bee8                wiiuse_pressed_buttons
 .text.parse_event
                0x8000bf14      0x578 c:/devkitpro/libogc/lib/wii\libwiiuse.a(events.o)
                0x8000bf14                parse_event
 .text.guitar_hero_3_handshake
                0x8000c48c       0x68 c:/devkitpro/libogc/lib/wii\libwiiuse.a(guitar_hero_3.o)
                0x8000c48c                guitar_hero_3_handshake
 .text.guitar_hero_3_disconnected
                0x8000c4f4        0xc c:/devkitpro/libogc/lib/wii\libwiiuse.a(guitar_hero_3.o)
                0x8000c4f4                guitar_hero_3_disconnected
 .text.guitar_hero_3_event
                0x8000c500       0x64 c:/devkitpro/libogc/lib/wii\libwiiuse.a(guitar_hero_3.o)
                0x8000c500                guitar_hero_3_event
 .text.acl_wlp_completed
                0x8000c564        0x8 c:/devkitpro/libogc/lib/wii\libbte.a(bte.o)
                0x8000c564                acl_wlp_completed
 .text.bt_alarmhandler
                0x8000c56c       0x60 c:/devkitpro/libogc/lib/wii\libbte.a(bte.o)
 .text.__bte_cmdfinish
                0x8000c5cc       0x9c c:/devkitpro/libogc/lib/wii\libbte.a(bte.o)
 .text.__bte_shutdown_finished
                0x8000c668       0x60 c:/devkitpro/libogc/lib/wii\libbte.a(bte.o)
 .text.bte_hci_apply_patch_complete
                0x8000c6c8       0xa8 c:/devkitpro/libogc/lib/wii\libbte.a(bte.o)
                0x8000c6c8                bte_hci_apply_patch_complete
 .text.__bte_send_pending_request
                0x8000c770       0xc0 c:/devkitpro/libogc/lib/wii\libbte.a(bte.o)
 .text.__bte_close_ctrl_queue
                0x8000c830       0x80 c:/devkitpro/libogc/lib/wii\libbte.a(bte.o)
 .text.acl_conn_complete
                0x8000c8b0       0x2c c:/devkitpro/libogc/lib/wii\libbte.a(bte.o)
                0x8000c8b0                acl_conn_complete
 .text.bte_hci_initcore_complete2
                0x8000c8dc       0xf0 c:/devkitpro/libogc/lib/wii\libbte.a(bte.o)
                0x8000c8dc                bte_hci_initcore_complete2
 .text.bte_hci_initcore_complete
                0x8000c9cc      0x150 c:/devkitpro/libogc/lib/wii\libbte.a(bte.o)
                0x8000c9cc                bte_hci_initcore_complete
 .text.bte_hci_patch_complete
                0x8000cb1c      0x1b0 c:/devkitpro/libogc/lib/wii\libbte.a(bte.o)
                0x8000cb1c                bte_hci_patch_complete
 .text.bte_hci_initsub_complete
                0x8000cccc      0x12c c:/devkitpro/libogc/lib/wii\libbte.a(bte.o)
                0x8000cccc                bte_hci_initsub_complete
 .text.bte_read_stored_link_key_complete
                0x8000cdf8      0x10c c:/devkitpro/libogc/lib/wii\libbte.a(bte.o)
                0x8000cdf8                bte_read_stored_link_key_complete
 .text.l2cap_disconnected_ind
                0x8000cf04       0xb0 c:/devkitpro/libogc/lib/wii\libbte.a(bte.o)
                0x8000cf04                l2cap_disconnected_ind
 .text.bte_process_input
                0x8000cfb4       0xf8 c:/devkitpro/libogc/lib/wii\libbte.a(bte.o)
 .text.l2cap_disconnect_cfm
                0x8000d0ac       0xd8 c:/devkitpro/libogc/lib/wii\libbte.a(bte.o)
                0x8000d0ac                l2cap_disconnect_cfm
 .text.l2cap_accepted
                0x8000d184       0xd4 c:/devkitpro/libogc/lib/wii\libbte.a(bte.o)
                0x8000d184                l2cap_accepted
 .text.__bte_waitcmdfinish.constprop.7
                0x8000d258       0x7c c:/devkitpro/libogc/lib/wii\libbte.a(bte.o)
 .text.BTE_Init
                0x8000d2d4      0x118 c:/devkitpro/libogc/lib/wii\libbte.a(bte.o)
                0x8000d2d4                BTE_Init
 .text.BTE_Shutdown
                0x8000d3ec       0xa8 c:/devkitpro/libogc/lib/wii\libbte.a(bte.o)
                0x8000d3ec                BTE_Shutdown
 .text.BTE_InitCore
                0x8000d494       0x80 c:/devkitpro/libogc/lib/wii\libbte.a(bte.o)
                0x8000d494                BTE_InitCore
 .text.BTE_ApplyPatch
                0x8000d514       0x9c c:/devkitpro/libogc/lib/wii\libbte.a(bte.o)
                0x8000d514                BTE_ApplyPatch
 .text.BTE_InitSub
                0x8000d5b0       0x84 c:/devkitpro/libogc/lib/wii\libbte.a(bte.o)
                0x8000d5b0                BTE_InitSub
 .text.BTE_ReadStoredLinkKey
                0x8000d634       0x88 c:/devkitpro/libogc/lib/wii\libbte.a(bte.o)
                0x8000d634                BTE_ReadStoredLinkKey
 .text.BTE_SetDisconnectCallback
                0x8000d6bc        0x4 c:/devkitpro/libogc/lib/wii\libbte.a(bte.o)
                0x8000d6bc                BTE_SetDisconnectCallback
 .text.bte_new  0x8000d6c0       0x48 c:/devkitpro/libogc/lib/wii\libbte.a(bte.o)
                0x8000d6c0                bte_new
 .text.bte_registerdeviceasync
                0x8000d708      0x12c c:/devkitpro/libogc/lib/wii\libbte.a(bte.o)
                0x8000d708                bte_registerdeviceasync
 .text.bte_disconnect
                0x8000d834       0x94 c:/devkitpro/libogc/lib/wii\libbte.a(bte.o)
                0x8000d834                bte_disconnect
 .text.bte_senddata
                0x8000d8c8       0xb8 c:/devkitpro/libogc/lib/wii\libbte.a(bte.o)
                0x8000d8c8                bte_senddata
 .text.bte_arg  0x8000d980       0x40 c:/devkitpro/libogc/lib/wii\libbte.a(bte.o)
                0x8000d980                bte_arg
 .text.bte_received
                0x8000d9c0       0x40 c:/devkitpro/libogc/lib/wii\libbte.a(bte.o)
                0x8000d9c0                bte_received
 .text.bte_disconnected
                0x8000da00       0x40 c:/devkitpro/libogc/lib/wii\libbte.a(bte.o)
                0x8000da00                bte_disconnected
 .text.hci_init
                0x8000da40       0x7c c:/devkitpro/libogc/lib/wii\libbte.a(hci.o)
                0x8000da40                hci_init
 .text.hci_new  0x8000dabc       0x38 c:/devkitpro/libogc/lib/wii\libbte.a(hci.o)
                0x8000dabc                hci_new
 .text.hci_get_link
                0x8000daf4       0x7c c:/devkitpro/libogc/lib/wii\libbte.a(hci.o)
                0x8000daf4                hci_get_link
 .text.hci_close
                0x8000db70       0xc8 c:/devkitpro/libogc/lib/wii\libbte.a(hci.o)
                0x8000db70                hci_close
 .text.hci_reset_all
                0x8000dc38       0x98 c:/devkitpro/libogc/lib/wii\libbte.a(hci.o)
                0x8000dc38                hci_reset_all
 .text.hci_arg  0x8000dcd0        0xc c:/devkitpro/libogc/lib/wii\libbte.a(hci.o)
                0x8000dcd0                hci_arg
 .text.hci_cmd_complete
                0x8000dcdc        0xc c:/devkitpro/libogc/lib/wii\libbte.a(hci.o)
                0x8000dcdc                hci_cmd_complete
 .text.hci_connection_complete
                0x8000dce8        0xc c:/devkitpro/libogc/lib/wii\libbte.a(hci.o)
                0x8000dce8                hci_connection_complete
 .text.hci_wlp_complete
                0x8000dcf4        0xc c:/devkitpro/libogc/lib/wii\libbte.a(hci.o)
                0x8000dcf4                hci_wlp_complete
 .text.hci_cmd_ass
                0x8000dd00       0x4c c:/devkitpro/libogc/lib/wii\libbte.a(hci.o)
                0x8000dd00                hci_cmd_ass
 .text.hci_reset
                0x8000dd4c       0x60 c:/devkitpro/libogc/lib/wii\libbte.a(hci.o)
                0x8000dd4c                hci_reset
 .text.hci_read_buffer_size
                0x8000ddac       0x60 c:/devkitpro/libogc/lib/wii\libbte.a(hci.o)
                0x8000ddac                hci_read_buffer_size
 .text.hci_read_bd_addr
                0x8000de0c       0x60 c:/devkitpro/libogc/lib/wii\libbte.a(hci.o)
                0x8000de0c                hci_read_bd_addr
 .text.hci_read_local_version
                0x8000de6c       0x60 c:/devkitpro/libogc/lib/wii\libbte.a(hci.o)
                0x8000de6c                hci_read_local_version
 .text.hci_read_local_features
                0x8000decc       0x60 c:/devkitpro/libogc/lib/wii\libbte.a(hci.o)
                0x8000decc                hci_read_local_features
 .text.hci_read_stored_link_key
                0x8000df2c       0xa8 c:/devkitpro/libogc/lib/wii\libbte.a(hci.o)
                0x8000df2c                hci_read_stored_link_key
 .text.hci_write_page_timeout
                0x8000dfd4       0x7c c:/devkitpro/libogc/lib/wii\libbte.a(hci.o)
                0x8000dfd4                hci_write_page_timeout
 .text.hci_write_scan_enable
                0x8000e050       0x6c c:/devkitpro/libogc/lib/wii\libbte.a(hci.o)
                0x8000e050                hci_write_scan_enable
 .text.hci_accecpt_conn_request
                0x8000e0bc       0x80 c:/devkitpro/libogc/lib/wii\libbte.a(hci.o)
                0x8000e0bc                hci_accecpt_conn_request
 .text.hci_write_local_name
                0x8000e13c       0x80 c:/devkitpro/libogc/lib/wii\libbte.a(hci.o)
                0x8000e13c                hci_write_local_name
 .text.hci_write_pin_type
                0x8000e1bc       0x6c c:/devkitpro/libogc/lib/wii\libbte.a(hci.o)
                0x8000e1bc                hci_write_pin_type
 .text.hci_write_inquiry_mode
                0x8000e228       0x6c c:/devkitpro/libogc/lib/wii\libbte.a(hci.o)
                0x8000e228                hci_write_inquiry_mode
 .text.hci_write_page_scan_type
                0x8000e294       0x6c c:/devkitpro/libogc/lib/wii\libbte.a(hci.o)
                0x8000e294                hci_write_page_scan_type
 .text.hci_write_inquiry_scan_type
                0x8000e300       0x6c c:/devkitpro/libogc/lib/wii\libbte.a(hci.o)
                0x8000e300                hci_write_inquiry_scan_type
 .text.hci_vendor_specific_command
                0x8000e36c       0x8c c:/devkitpro/libogc/lib/wii\libbte.a(hci.o)
                0x8000e36c                hci_vendor_specific_command
 .text.hci_write_link_policy_settings
                0x8000e3f8       0xa8 c:/devkitpro/libogc/lib/wii\libbte.a(hci.o)
                0x8000e3f8                hci_write_link_policy_settings
 .text.hci_pin_code_request_neg_reply
                0x8000e4a0       0x74 c:/devkitpro/libogc/lib/wii\libbte.a(hci.o)
                0x8000e4a0                hci_pin_code_request_neg_reply
 .text.hci_disconnect
                0x8000e514       0x9c c:/devkitpro/libogc/lib/wii\libbte.a(hci.o)
                0x8000e514                hci_disconnect
 .text.hci_write_cod
                0x8000e5b0       0x78 c:/devkitpro/libogc/lib/wii\libbte.a(hci.o)
                0x8000e5b0                hci_write_cod
 .text.hci_host_buffer_size
                0x8000e628       0xcc c:/devkitpro/libogc/lib/wii\libbte.a(hci.o)
                0x8000e628                hci_host_buffer_size
 .text.hci_host_num_comp_packets
                0x8000e6f4       0xb0 c:/devkitpro/libogc/lib/wii\libbte.a(hci.o)
                0x8000e6f4                hci_host_num_comp_packets
 .text.lp_pdu_maxsize
                0x8000e7a4        0xc c:/devkitpro/libogc/lib/wii\libbte.a(hci.o)
                0x8000e7a4                lp_pdu_maxsize
 .text.lp_acl_write
                0x8000e7b0      0x120 c:/devkitpro/libogc/lib/wii\libbte.a(hci.o)
                0x8000e7b0                lp_acl_write
 .text.lp_write_flush_timeout
                0x8000e8d0       0xa8 c:/devkitpro/libogc/lib/wii\libbte.a(hci.o)
                0x8000e8d0                lp_write_flush_timeout
 .text.hci_event_handler
                0x8000e978      0xa78 c:/devkitpro/libogc/lib/wii\libbte.a(hci.o)
                0x8000e978                hci_event_handler
 .text.hci_acldata_handler
                0x8000f3f0       0xd8 c:/devkitpro/libogc/lib/wii\libbte.a(hci.o)
                0x8000f3f0                hci_acldata_handler
 .text.l2cap_cid_alloc
                0x8000f4c8       0x4c c:/devkitpro/libogc/lib/wii\libbte.a(l2cap.o)
 .text.l2cap_init
                0x8000f514       0x60 c:/devkitpro/libogc/lib/wii\libbte.a(l2cap.o)
                0x8000f514                l2cap_init
 .text.l2cap_write
                0x8000f574       0xd8 c:/devkitpro/libogc/lib/wii\libbte.a(l2cap.o)
                0x8000f574                l2cap_write
 .text.l2cap_new
                0x8000f64c       0x68 c:/devkitpro/libogc/lib/wii\libbte.a(l2cap.o)
                0x8000f64c                l2cap_new
 .text.l2cap_close
                0x8000f6b4      0x16c c:/devkitpro/libogc/lib/wii\libbte.a(l2cap.o)
                0x8000f6b4                l2cap_close
 .text.l2cap_reset_all
                0x8000f820      0x108 c:/devkitpro/libogc/lib/wii\libbte.a(l2cap.o)
                0x8000f820                l2cap_reset_all
 .text.l2cap_rexmit_signal
                0x8000f928       0x10 c:/devkitpro/libogc/lib/wii\libbte.a(l2cap.o)
                0x8000f928                l2cap_rexmit_signal
 .text.l2ca_datawrite
                0x8000f938       0xf8 c:/devkitpro/libogc/lib/wii\libbte.a(l2cap.o)
                0x8000f938                l2ca_datawrite
 .text.lp_connect_ind
                0x8000fa30        0x4 c:/devkitpro/libogc/lib/wii\libbte.a(l2cap.o)
                0x8000fa30                lp_connect_ind
 .text.lp_disconnect_ind
                0x8000fa34       0xf4 c:/devkitpro/libogc/lib/wii\libbte.a(l2cap.o)
                0x8000fa34                lp_disconnect_ind
 .text.l2cap_disconnect_bb
                0x8000fb28       0x10 c:/devkitpro/libogc/lib/wii\libbte.a(l2cap.o)
                0x8000fb28                l2cap_disconnect_bb
 .text.l2cap_next_sigid
                0x8000fb38       0x28 c:/devkitpro/libogc/lib/wii\libbte.a(l2cap.o)
                0x8000fb38                l2cap_next_sigid
 .text.l2cap_signal
                0x8000fb60      0x188 c:/devkitpro/libogc/lib/wii\libbte.a(l2cap.o)
                0x8000fb60                l2cap_signal
 .text.l2ca_config_req
                0x8000fce8      0x10c c:/devkitpro/libogc/lib/wii\libbte.a(l2cap.o)
                0x8000fce8                l2ca_config_req
 .text.l2ca_disconnect_req
                0x8000fdf4       0xb4 c:/devkitpro/libogc/lib/wii\libbte.a(l2cap.o)
                0x8000fdf4                l2ca_disconnect_req
 .text.l2cap_tmr
                0x8000fea8      0x1e8 c:/devkitpro/libogc/lib/wii\libbte.a(l2cap.o)
                0x8000fea8                l2cap_tmr
 .text.l2cap_process_sig
                0x80010090     0x103c c:/devkitpro/libogc/lib/wii\libbte.a(l2cap.o)
                0x80010090                l2cap_process_sig
 .text.lp_connect_cfm
                0x800110cc      0x134 c:/devkitpro/libogc/lib/wii\libbte.a(l2cap.o)
                0x800110cc                lp_connect_cfm
 .text.l2cap_input
                0x80011200      0x504 c:/devkitpro/libogc/lib/wii\libbte.a(l2cap.o)
                0x80011200                l2cap_input
 .text.l2cap_arg
                0x80011704        0x8 c:/devkitpro/libogc/lib/wii\libbte.a(l2cap.o)
                0x80011704                l2cap_arg
 .text.l2cap_connect_ind
                0x8001170c       0xdc c:/devkitpro/libogc/lib/wii\libbte.a(l2cap.o)
                0x8001170c                l2cap_connect_ind
 .text.l2cap_disconnect_ind
                0x800117e8        0x8 c:/devkitpro/libogc/lib/wii\libbte.a(l2cap.o)
                0x800117e8                l2cap_disconnect_ind
 .text.l2cap_recv
                0x800117f0        0x8 c:/devkitpro/libogc/lib/wii\libbte.a(l2cap.o)
                0x800117f0                l2cap_recv
 .text.btmemb_init
                0x800117f8       0x24 c:/devkitpro/libogc/lib/wii\libbte.a(btmemb.o)
                0x800117f8                btmemb_init
 .text.btmemb_alloc
                0x8001181c       0x9c c:/devkitpro/libogc/lib/wii\libbte.a(btmemb.o)
                0x8001181c                btmemb_alloc
 .text.btmemb_free
                0x800118b8       0xa4 c:/devkitpro/libogc/lib/wii\libbte.a(btmemb.o)
                0x800118b8                btmemb_free
 .text.plug_holes
                0x8001195c       0xa8 c:/devkitpro/libogc/lib/wii\libbte.a(btmemr.o)
 .text.btmemr_init
                0x80011a04       0x94 c:/devkitpro/libogc/lib/wii\libbte.a(btmemr.o)
                0x80011a04                btmemr_init
 .text.btmemr_malloc
                0x80011a98      0x158 c:/devkitpro/libogc/lib/wii\libbte.a(btmemr.o)
                0x80011a98                btmemr_malloc
 .text.btmemr_free
                0x80011bf0       0x94 c:/devkitpro/libogc/lib/wii\libbte.a(btmemr.o)
                0x80011bf0                btmemr_free
 .text.btmemr_realloc
                0x80011c84       0xfc c:/devkitpro/libogc/lib/wii\libbte.a(btmemr.o)
                0x80011c84                btmemr_realloc
 .text.btpbuf_init
                0x80011d80       0x28 c:/devkitpro/libogc/lib/wii\libbte.a(btpbuf.o)
                0x80011d80                btpbuf_init
 .text.btpbuf_free
                0x80011da8       0xd0 c:/devkitpro/libogc/lib/wii\libbte.a(btpbuf.o)
                0x80011da8                btpbuf_free
 .text.btpbuf_alloc
                0x80011e78      0x1bc c:/devkitpro/libogc/lib/wii\libbte.a(btpbuf.o)
                0x80011e78                btpbuf_alloc
 .text.btpbuf_realloc
                0x80012034       0xa0 c:/devkitpro/libogc/lib/wii\libbte.a(btpbuf.o)
                0x80012034                btpbuf_realloc
 .text.btpbuf_header
                0x800120d4       0x84 c:/devkitpro/libogc/lib/wii\libbte.a(btpbuf.o)
                0x800120d4                btpbuf_header
 .text.btpbuf_ref
                0x80012158       0x50 c:/devkitpro/libogc/lib/wii\libbte.a(btpbuf.o)
                0x80012158                btpbuf_ref
 .text.btpbuf_cat
                0x800121a8       0x48 c:/devkitpro/libogc/lib/wii\libbte.a(btpbuf.o)
                0x800121a8                btpbuf_cat
 .text.btpbuf_chain
                0x800121f0       0x30 c:/devkitpro/libogc/lib/wii\libbte.a(btpbuf.o)
                0x800121f0                btpbuf_chain
 .text.btpbuf_dechain
                0x80012220       0x60 c:/devkitpro/libogc/lib/wii\libbte.a(btpbuf.o)
                0x80012220                btpbuf_dechain
 .text.btpbuf_take
                0x80012280       0xec c:/devkitpro/libogc/lib/wii\libbte.a(btpbuf.o)
                0x80012280                btpbuf_take
 .text.__usb_closeCB
                0x8001236c       0x10 c:/devkitpro/libogc/lib/wii\libbte.a(physbusif.o)
 .text.__writebulkmsgCB
                0x8001237c       0x30 c:/devkitpro/libogc/lib/wii\libbte.a(physbusif.o)
 .text.__writectrlmsgCB
                0x800123ac       0x30 c:/devkitpro/libogc/lib/wii\libbte.a(physbusif.o)
 .text.__issue_intrread.part.0
                0x800123dc       0x80 c:/devkitpro/libogc/lib/wii\libbte.a(physbusif.o)
 .text.__readintrdataCB
                0x8001245c      0x104 c:/devkitpro/libogc/lib/wii\libbte.a(physbusif.o)
 .text.__issue_bulkread.part.2
                0x80012560       0x80 c:/devkitpro/libogc/lib/wii\libbte.a(physbusif.o)
 .text.__readbulkdataCB
                0x800125e0      0x104 c:/devkitpro/libogc/lib/wii\libbte.a(physbusif.o)
 .text.physbusif_init
                0x800126e4      0x1ac c:/devkitpro/libogc/lib/wii\libbte.a(physbusif.o)
                0x800126e4                physbusif_init
 .text.physbusif_close
                0x80012890       0x28 c:/devkitpro/libogc/lib/wii\libbte.a(physbusif.o)
                0x80012890                physbusif_close
 .text.physbusif_shutdown
                0x800128b8       0x24 c:/devkitpro/libogc/lib/wii\libbte.a(physbusif.o)
                0x800128b8                physbusif_shutdown
 .text.physbusif_reset_all
                0x800128dc        0x4 c:/devkitpro/libogc/lib/wii\libbte.a(physbusif.o)
                0x800128dc                physbusif_reset_all
 .text.physbusif_output
                0x800128e0      0x14c c:/devkitpro/libogc/lib/wii\libbte.a(physbusif.o)
                0x800128e0                physbusif_output
 .text.__console_clear_line
                0x80012a2c       0x80 c:/devkitpro/libogc/lib/wii\libogc.a(console.o)
 .text.__console_clear
                0x80012aac       0x58 c:/devkitpro/libogc/lib/wii\libogc.a(console.o)
 .text.__console_write
                0x80012b04      0x6a0 c:/devkitpro/libogc/lib/wii\libogc.a(console.o)
                0x80012b04                __console_write
 .text.__console_init
                0x800131a4      0x108 c:/devkitpro/libogc/lib/wii\libogc.a(console.o)
                0x800131a4                __console_init
 .text.CON_Init
                0x800132ac        0x4 c:/devkitpro/libogc/lib/wii\libogc.a(console.o)
                0x800132ac                CON_Init
 .text.CON_EnableGecko
                0x800132b0       0xb0 c:/devkitpro/libogc/lib/wii\libogc.a(console.o)
                0x800132b0                CON_EnableGecko
 .text.__lwp_queue_initialize
                0x80013360       0x3c c:/devkitpro/libogc/lib/wii\libogc.a(lwp_queue.o)
                0x80013360                __lwp_queue_initialize
 .text.__lwp_queue_get
                0x8001339c       0x64 c:/devkitpro/libogc/lib/wii\libogc.a(lwp_queue.o)
                0x8001339c                __lwp_queue_get
 .text.__lwp_queue_append
                0x80013400       0x54 c:/devkitpro/libogc/lib/wii\libogc.a(lwp_queue.o)
                0x80013400                __lwp_queue_append
 .text.__lwp_priomap_addto
                0x80013454       0x28 c:/devkitpro/libogc/lib/wii\libogc.a(lwp_threads.o)
 .text.__lwp_thread_calcheir
                0x8001347c       0x3c c:/devkitpro/libogc/lib/wii\libogc.a(lwp_threads.o)
 .text.__lwp_thread_dispatchunnest
                0x800134b8       0x10 c:/devkitpro/libogc/lib/wii\libogc.a(lwp_threads.o)
 .text.__lwp_priomap_removefrom
                0x800134c8       0x38 c:/devkitpro/libogc/lib/wii\libogc.a(lwp_threads.o)
 .text.__lwp_wd_insert_ticks.constprop.4
                0x80013500       0x5c c:/devkitpro/libogc/lib/wii\libogc.a(lwp_threads.o)
 .text.__lwp_isr_in_progress
                0x8001355c        0x8 c:/devkitpro/libogc/lib/wii\libogc.a(lwp_threads.o)
                0x8001355c                __lwp_isr_in_progress
 .text.__thread_dispatch_fp
                0x80013564       0x7c c:/devkitpro/libogc/lib/wii\libogc.a(lwp_threads.o)
                0x80013564                __thread_dispatch_fp
 .text.__thread_dispatch
                0x800135e0       0xdc c:/devkitpro/libogc/lib/wii\libogc.a(lwp_threads.o)
                0x800135e0                __thread_dispatch
 .text.__lwp_thread_dispatchenable
                0x800136bc       0x18 c:/devkitpro/libogc/lib/wii\libogc.a(lwp_threads.o)
 .text.__lwp_thread_resettimeslice
                0x800136d4       0xb8 c:/devkitpro/libogc/lib/wii\libogc.a(lwp_threads.o)
                0x800136d4                __lwp_thread_resettimeslice
 .text.__lwp_thread_tickle_timeslice
                0x8001378c       0x7c c:/devkitpro/libogc/lib/wii\libogc.a(lwp_threads.o)
                0x8001378c                __lwp_thread_tickle_timeslice
 .text.__lwp_thread_setstate
                0x80013808       0xf4 c:/devkitpro/libogc/lib/wii\libogc.a(lwp_threads.o)
                0x80013808                __lwp_thread_setstate
 .text.__lwp_thread_clearstate
                0x800138fc       0xe8 c:/devkitpro/libogc/lib/wii\libogc.a(lwp_threads.o)
                0x800138fc                __lwp_thread_clearstate
 .text.__lwp_thread_delayended
                0x800139e4       0x3c c:/devkitpro/libogc/lib/wii\libogc.a(lwp_threads.o)
                0x800139e4                __lwp_thread_delayended
 .text.__lwp_thread_setpriority
                0x80013a20       0x5c c:/devkitpro/libogc/lib/wii\libogc.a(lwp_threads.o)
                0x80013a20                __lwp_thread_setpriority
 .text.__lwp_thread_settransient
                0x80013a7c       0xa4 c:/devkitpro/libogc/lib/wii\libogc.a(lwp_threads.o)
                0x80013a7c                __lwp_thread_settransient
 .text.__lwp_thread_changepriority
                0x80013b20      0x118 c:/devkitpro/libogc/lib/wii\libogc.a(lwp_threads.o)
                0x80013b20                __lwp_thread_changepriority
 .text.__lwp_thread_loadenv
                0x80013c38       0x78 c:/devkitpro/libogc/lib/wii\libogc.a(lwp_threads.o)
                0x80013c38                __lwp_thread_loadenv
 .text.__lwp_thread_ready
                0x80013cb0       0xc8 c:/devkitpro/libogc/lib/wii\libogc.a(lwp_threads.o)
                0x80013cb0                __lwp_thread_ready
 .text.__lwp_thread_init
                0x80013d78       0xf8 c:/devkitpro/libogc/lib/wii\libogc.a(lwp_threads.o)
                0x80013d78                __lwp_thread_init
 .text.__lwp_thread_close
                0x80013e70      0x114 c:/devkitpro/libogc/lib/wii\libogc.a(lwp_threads.o)
                0x80013e70                __lwp_thread_close
 .text.__lwp_thread_closeall
                0x80013f84       0x90 c:/devkitpro/libogc/lib/wii\libogc.a(lwp_threads.o)
                0x80013f84                __lwp_thread_closeall
 .text.__lwp_thread_exit
                0x80014014       0x38 c:/devkitpro/libogc/lib/wii\libogc.a(lwp_threads.o)
                0x80014014                __lwp_thread_exit
 .text.__lwp_thread_handler
                0x8001404c       0x64 c:/devkitpro/libogc/lib/wii\libogc.a(lwp_threads.o)
 .text.__lwp_thread_start
                0x800140b0       0x50 c:/devkitpro/libogc/lib/wii\libogc.a(lwp_threads.o)
                0x800140b0                __lwp_thread_start
 .text.__lwp_thread_startmultitasking
                0x80014100       0x70 c:/devkitpro/libogc/lib/wii\libogc.a(lwp_threads.o)
                0x80014100                __lwp_thread_startmultitasking
 .text.__lwp_thread_stopmultitasking
                0x80014170       0x58 c:/devkitpro/libogc/lib/wii\libogc.a(lwp_threads.o)
                0x80014170                __lwp_thread_stopmultitasking
 .text.__lwp_thread_coreinit
                0x800141c8       0xc0 c:/devkitpro/libogc/lib/wii\libogc.a(lwp_threads.o)
                0x800141c8                __lwp_thread_coreinit
 .text.__lwp_thread_dispatchdisable
                0x80014288       0x10 c:/devkitpro/libogc/lib/wii\libogc.a(lwp.o)
 .text.idle_func
                0x80014298        0x4 c:/devkitpro/libogc/lib/wii\libogc.a(lwp.o)
 .text.__lwp_thread_dispatchenable
                0x8001429c       0x18 c:/devkitpro/libogc/lib/wii\libogc.a(lwp.o)
 .text.__lwp_tqueue_open
                0x800142b4       0x30 c:/devkitpro/libogc/lib/wii\libogc.a(lwp.o)
 .text.__lwp_cntrl_free
                0x800142e4       0x30 c:/devkitpro/libogc/lib/wii\libogc.a(lwp.o)
 .text.__lwp_sysinit
                0x80014314      0x108 c:/devkitpro/libogc/lib/wii\libogc.a(lwp.o)
                0x80014314                __lwp_sysinit
 .text.LWP_CreateThread
                0x8001441c       0xd8 c:/devkitpro/libogc/lib/wii\libogc.a(lwp.o)
                0x8001441c                LWP_CreateThread
 .text.LWP_InitQueue
                0x800144f4       0x94 c:/devkitpro/libogc/lib/wii\libogc.a(lwp.o)
                0x800144f4                LWP_InitQueue
 .text.LWP_CloseQueue
                0x80014588       0x78 c:/devkitpro/libogc/lib/wii\libogc.a(lwp.o)
                0x80014588                LWP_CloseQueue
 .text.LWP_ThreadSleep
                0x80014600       0xa0 c:/devkitpro/libogc/lib/wii\libogc.a(lwp.o)
                0x80014600                LWP_ThreadSleep
 .text.LWP_ThreadBroadcast
                0x800146a0       0x4c c:/devkitpro/libogc/lib/wii\libogc.a(lwp.o)
                0x800146a0                LWP_ThreadBroadcast
 .text.LWP_ThreadSignal
                0x800146ec       0x40 c:/devkitpro/libogc/lib/wii\libogc.a(lwp.o)
                0x800146ec                LWP_ThreadSignal
 .text.__lwp_stack_allocate
                0x8001472c       0x50 c:/devkitpro/libogc/lib/wii\libogc.a(lwp_stack.o)
                0x8001472c                __lwp_stack_allocate
 .text.__lwp_stack_free
                0x8001477c       0x20 c:/devkitpro/libogc/lib/wii\libogc.a(lwp_stack.o)
                0x8001477c                __lwp_stack_free
 .text.__lwp_wd_settimer.isra.3
                0x8001479c       0x9c c:/devkitpro/libogc/lib/wii\libogc.a(lwp_watchdog.o)
 .text.__lwp_watchdog_init
                0x80014838       0x2c c:/devkitpro/libogc/lib/wii\libogc.a(lwp_watchdog.o)
                0x80014838                __lwp_watchdog_init
 .text.__lwp_wd_insert
                0x80014864      0x14c c:/devkitpro/libogc/lib/wii\libogc.a(lwp_watchdog.o)
                0x80014864                __lwp_wd_insert
 .text.__lwp_wd_remove
                0x800149b0       0xd4 c:/devkitpro/libogc/lib/wii\libogc.a(lwp_watchdog.o)
                0x800149b0                __lwp_wd_remove
 .text.__lwp_wd_tickle
                0x80014a84       0xe8 c:/devkitpro/libogc/lib/wii\libogc.a(lwp_watchdog.o)
                0x80014a84                __lwp_wd_tickle
 .text.__lwp_wkspace_init
                0x80014b6c       0xa4 c:/devkitpro/libogc/lib/wii\libogc.a(lwp_wkspace.o)
                0x80014b6c                __lwp_wkspace_init
 .text.__lwp_objmgr_initinfo
                0x80014c10      0x140 c:/devkitpro/libogc/lib/wii\libogc.a(lwp_objmgr.o)
                0x80014c10                __lwp_objmgr_initinfo
 .text.__lwp_objmgr_getisrdisable
                0x80014d50       0x68 c:/devkitpro/libogc/lib/wii\libogc.a(lwp_objmgr.o)
                0x80014d50                __lwp_objmgr_getisrdisable
 .text.__lwp_objmgr_getnoprotection
                0x80014db8       0x24 c:/devkitpro/libogc/lib/wii\libogc.a(lwp_objmgr.o)
                0x80014db8                __lwp_objmgr_getnoprotection
 .text.__lwp_objmgr_get
                0x80014ddc       0x68 c:/devkitpro/libogc/lib/wii\libogc.a(lwp_objmgr.o)
                0x80014ddc                __lwp_objmgr_get
 .text.__lwp_objmgr_allocate
                0x80014e44       0x78 c:/devkitpro/libogc/lib/wii\libogc.a(lwp_objmgr.o)
                0x80014e44                __lwp_objmgr_allocate
 .text.__lwp_objmgr_free
                0x80014ebc       0x64 c:/devkitpro/libogc/lib/wii\libogc.a(lwp_objmgr.o)
                0x80014ebc                __lwp_objmgr_free
 .text.__lwp_heap_init
                0x80014f20       0xb8 c:/devkitpro/libogc/lib/wii\libogc.a(lwp_heap.o)
                0x80014f20                __lwp_heap_init
 .text.__lwp_heap_allocate
                0x80014fd8      0x130 c:/devkitpro/libogc/lib/wii\libogc.a(lwp_heap.o)
                0x80014fd8                __lwp_heap_allocate
 .text.__lwp_heap_free
                0x80015108      0x1d8 c:/devkitpro/libogc/lib/wii\libogc.a(lwp_heap.o)
                0x80015108                __lwp_heap_free
 .text.__SetInterrupts
                0x800152e0      0x288 c:/devkitpro/libogc/lib/wii\libogc.a(irq.o)
 .text.c_irqdispatcher
                0x80015568      0x26c c:/devkitpro/libogc/lib/wii\libogc.a(irq.o)
                0x80015568                c_irqdispatcher
 .text.__UnmaskIrq
                0x800157d4       0x7c c:/devkitpro/libogc/lib/wii\libogc.a(irq.o)
                0x800157d4                __UnmaskIrq
 .text.__MaskIrq
                0x80015850       0x7c c:/devkitpro/libogc/lib/wii\libogc.a(irq.o)
                0x80015850                __MaskIrq
 .text.__irq_init
                0x800158cc       0x98 c:/devkitpro/libogc/lib/wii\libogc.a(irq.o)
                0x800158cc                __irq_init
 .text.IRQ_Request
                0x80015964       0x58 c:/devkitpro/libogc/lib/wii\libogc.a(irq.o)
                0x80015964                IRQ_Request
 .text.IRQ_GetHandler
                0x800159bc       0x4c c:/devkitpro/libogc/lib/wii\libogc.a(irq.o)
                0x800159bc                IRQ_GetHandler
 .text.IRQ_Disable
                0x80015a08       0x24 c:/devkitpro/libogc/lib/wii\libogc.a(irq.o)
                0x80015a08                IRQ_Disable
 .text.IRQ_Restore
                0x80015a2c       0x1c c:/devkitpro/libogc/lib/wii\libogc.a(irq.o)
                0x80015a2c                IRQ_Restore
 .text.__viOpenI2C
                0x80015a48       0x24 c:/devkitpro/libogc/lib/wii\libogc.a(video.o)
 .text.__viSetSCL
                0x80015a6c       0x24 c:/devkitpro/libogc/lib/wii\libogc.a(video.o)
 .text.__viSetSDA
                0x80015a90       0x24 c:/devkitpro/libogc/lib/wii\libogc.a(video.o)
 .text.__setVerticalRegs
                0x80015ab4       0xcc c:/devkitpro/libogc/lib/wii\libogc.a(video.o)
 .text.__adjustPosition
                0x80015b80      0x158 c:/devkitpro/libogc/lib/wii\libogc.a(video.o)
 .text.__getCurrentHalfLine
                0x80015cd8       0x5c c:/devkitpro/libogc/lib/wii\libogc.a(video.o)
 .text.__setFbbRegs.constprop.3
                0x80015d34      0x1b4 c:/devkitpro/libogc/lib/wii\libogc.a(video.o)
 .text.__VISendI2CData.constprop.1
                0x80015ee8      0x294 c:/devkitpro/libogc/lib/wii\libogc.a(video.o)
 .text.__VIWriteI2CRegister16
                0x8001617c       0x40 c:/devkitpro/libogc/lib/wii\libogc.a(video.o)
 .text.__VIWriteI2CRegister8
                0x800161bc       0x38 c:/devkitpro/libogc/lib/wii\libogc.a(video.o)
 .text.__VISetYUVSEL
                0x800161f4       0x50 c:/devkitpro/libogc/lib/wii\libogc.a(video.o)
 .text.VIDEO_Configure
                0x80016244      0x394 c:/devkitpro/libogc/lib/wii\libogc.a(video.o)
                0x80016244                VIDEO_Configure
 .text.VIDEO_WaitVSync
                0x800165d8       0x68 c:/devkitpro/libogc/lib/wii\libogc.a(video.o)
                0x800165d8                VIDEO_WaitVSync
 .text.VIDEO_SetFramebuffer
                0x80016640       0xfc c:/devkitpro/libogc/lib/wii\libogc.a(video.o)
                0x80016640                VIDEO_SetFramebuffer
 .text.VIDEO_SetNextFramebuffer
                0x8001673c       0x64 c:/devkitpro/libogc/lib/wii\libogc.a(video.o)
                0x8001673c                VIDEO_SetNextFramebuffer
 .text.VIDEO_Flush
                0x800167a0       0xfc c:/devkitpro/libogc/lib/wii\libogc.a(video.o)
                0x800167a0                VIDEO_Flush
 .text.VIDEO_SetBlack
                0x8001689c       0x8c c:/devkitpro/libogc/lib/wii\libogc.a(video.o)
                0x8001689c                VIDEO_SetBlack
 .text.VIDEO_GetCurrentTvMode
                0x80016928       0x70 c:/devkitpro/libogc/lib/wii\libogc.a(video.o)
                0x80016928                VIDEO_GetCurrentTvMode
 .text.__VIRetraceHandler
                0x80016998      0x208 c:/devkitpro/libogc/lib/wii\libogc.a(video.o)
 .text.__VISetupEncoder
                0x80016ba0      0x188 c:/devkitpro/libogc/lib/wii\libogc.a(video.o)
 .text.VIDEO_Init
                0x80016d28      0x420 c:/devkitpro/libogc/lib/wii\libogc.a(video.o)
                0x80016d28                VIDEO_Init
 .text.VIDEO_GetPreferredMode
                0x80017148       0xf4 c:/devkitpro/libogc/lib/wii\libogc.a(video.o)
                0x80017148                VIDEO_GetPreferredMode
 .text.VIDEO_GetCurrentLine
                0x8001723c       0x6c c:/devkitpro/libogc/lib/wii\libogc.a(video.o)
                0x8001723c                VIDEO_GetCurrentLine
 .text.VIDEO_GetFrameBufferSize
                0x800172a8       0x30 c:/devkitpro/libogc/lib/wii\libogc.a(video.o)
                0x800172a8                VIDEO_GetFrameBufferSize
 .text.SPEC0_MakeStatus
                0x800172d8      0x108 c:/devkitpro/libogc/lib/wii\libogc.a(pad.o)
 .text.SPEC1_MakeStatus
                0x800173e0      0x108 c:/devkitpro/libogc/lib/wii\libogc.a(pad.o)
 .text.__pad_clampS8
                0x800174e8       0x34 c:/devkitpro/libogc/lib/wii\libogc.a(pad.o)
 .text.SPEC2_MakeStatus
                0x8001751c      0x134 c:/devkitpro/libogc/lib/wii\libogc.a(pad.o)
 .text.__pad_samplinghandler
                0x80017650        0x4 c:/devkitpro/libogc/lib/wii\libogc.a(pad.o)
 .text.__pad_doreset
                0x80017654       0x50 c:/devkitpro/libogc/lib/wii\libogc.a(pad.o)
 .text.__pad_updateorigin
                0x800176a4       0x84 c:/devkitpro/libogc/lib/wii\libogc.a(pad.o)
 .text.__pad_disable
                0x80017728       0xa4 c:/devkitpro/libogc/lib/wii\libogc.a(pad.o)
 .text.__pad_enable
                0x800177cc       0x50 c:/devkitpro/libogc/lib/wii\libogc.a(pad.o)
 .text.__pad_typeandstatuscallback
                0x8001781c      0x14c c:/devkitpro/libogc/lib/wii\libogc.a(pad.o)
 .text.__pad_probecallback
                0x80017968       0x44 c:/devkitpro/libogc/lib/wii\libogc.a(pad.o)
 .text.__pad_origincallback
                0x800179ac       0x34 c:/devkitpro/libogc/lib/wii\libogc.a(pad.o)
 .text.__pad_originupdatecallback
                0x800179e0       0x60 c:/devkitpro/libogc/lib/wii\libogc.a(pad.o)
 .text.__pad_receivecheckcallback
                0x80017a40       0x88 c:/devkitpro/libogc/lib/wii\libogc.a(pad.o)
 .text.__PADDisableRecalibration
                0x80017ac8       0x64 c:/devkitpro/libogc/lib/wii\libogc.a(pad.o)
                0x80017ac8                __PADDisableRecalibration
 .text.PAD_Reset
                0x80017b2c       0xbc c:/devkitpro/libogc/lib/wii\libogc.a(pad.o)
                0x80017b2c                PAD_Reset
 .text.PAD_Read
                0x80017be8      0x248 c:/devkitpro/libogc/lib/wii\libogc.a(pad.o)
                0x80017be8                PAD_Read
 .text.PAD_Recalibrate
                0x80017e30       0x40 c:/devkitpro/libogc/lib/wii\libogc.a(pad.o)
                0x80017e30                PAD_Recalibrate
 .text.PAD_Sync
                0x80017e70       0x44 c:/devkitpro/libogc/lib/wii\libogc.a(pad.o)
                0x80017e70                PAD_Sync
 .text.PAD_SetSpec
                0x80017eb4       0x50 c:/devkitpro/libogc/lib/wii\libogc.a(pad.o)
                0x80017eb4                PAD_SetSpec
 .text.PAD_Init
                0x80017f04       0xd0 c:/devkitpro/libogc/lib/wii\libogc.a(pad.o)
                0x80017f04                PAD_Init
 .text.PAD_SetSamplingCallback
                0x80017fd4       0x40 c:/devkitpro/libogc/lib/wii\libogc.a(pad.o)
                0x80017fd4                PAD_SetSamplingCallback
 .text.__pad_onreset
                0x80018014       0x70 c:/devkitpro/libogc/lib/wii\libogc.a(pad.o)
 .text.PAD_ScanPads
                0x80018084      0x114 c:/devkitpro/libogc/lib/wii\libogc.a(pad.o)
                0x80018084                PAD_ScanPads
 .text.PAD_ButtonsDown
                0x80018198       0x34 c:/devkitpro/libogc/lib/wii\libogc.a(pad.o)
                0x80018198                PAD_ButtonsDown
 .text.PAD_ButtonsHeld
                0x800181cc       0x34 c:/devkitpro/libogc/lib/wii\libogc.a(pad.o)
                0x800181cc                PAD_ButtonsHeld
 .text.PAD_SubStickX
                0x80018200       0x38 c:/devkitpro/libogc/lib/wii\libogc.a(pad.o)
                0x80018200                PAD_SubStickX
 .text.PAD_SubStickY
                0x80018238       0x38 c:/devkitpro/libogc/lib/wii\libogc.a(pad.o)